processador-3  | 2026-09-25T22:54:58.484148425Z 2026-09-25 22:54:58,483 INFO [processador] processador 6bf78c300651 entrou no grupo; limites={'temperatura_c': 85.0, 'vibracao_mm_s': 7.1, 'energia_kw': 45.0}
processador-3  | 2026-09-25T22:55:00.930980201Z 2026-09-25 22:55:00,930 INFO [processador] REBALANCO processador=6bf78c300651 partições atribuidas: [] -> responsável por []
processador-3  | 2026-09-25T22:55:03.942261685Z 2026-09-25 22:55:03,942 INFO [processador] REBALANCO processador=6bf78c300651 partições atribuidas: [0, 2] -> responsável por [0, 2]
processador-3  | 2026-09-25T22:55:06.993046723Z 2026-09-25 22:55:06,992 WARNING [processador] ALERTA maquina=producao-fd72ee-m4 setor=producao temperatura_c=99.19 > limite 85.00 (partição=2 offset=2454)
processador-3  | 2026-09-25T22:55:08.940066807Z 2026-09-25 22:55:08,939 INFO [processador] ESTATISTICA processador=6bf78c300651 partições=[0, 2] processadas=81 (7.7 msg/s) alertas=1 duplicadas=0 por_particao={0: 33, 2: 48}
processador-3  | 2026-09-25T22:55:08.991484772Z 2026-09-25 22:55:08,991 WARNING [processador] ALERTA maquina=producao-fd72ee-m4 setor=producao temperatura_c=101.01 > limite 85.00 (partição=2 offset=2466)
processador-3  | 2026-09-25T22:55:18.940161097Z 2026-09-25 22:55:18,939 INFO [processador] ESTATISTICA processador=6bf78c300651 partições=[0, 2] processadas=100 (10.0 msg/s) alertas=1 duplicadas=0 por_particao={0: 39, 2: 61}
processador-3  | 2026-09-25T22:55:19.089531817Z 2026-09-25 22:55:19,088 WARNING [processador] ALERTA maquina=refrigeracao-4594d7-m2 setor=refrigeracao vibracao_mm_s=11.04 > limite 7.10 (partição=0 offset=1784)
processador-3  | 2026-09-25T22:55:19.991178475Z 2026-09-25 22:55:19,990 WARNING [processador] ALERTA maquina=producao-fd72ee-m2 setor=producao temperatura_c=103.29 > limite 85.00 (partição=0 offset=1787)
processador-3  | 2026-09-25T22:55:23.938505529Z 2026-09-25 22:55:23,938 WARNING [processador] ALERTA maquina=empacotamento-b5c981-m8 setor=empacotamento temperatura_c=91.15 > limite 85.00 (partição=2 offset=2554)
processador-3  | 2026-09-25T22:55:27.089102692Z 2026-09-25 22:55:27,088 WARNING [processador] ALERTA maquina=refrigeracao-4594d7-m2 setor=refrigeracao energia_kw=58.57 > limite 45.00 (partição=0 offset=1816)
processador-3  | 2026-09-25T22:55:28.942439414Z 2026-09-25 22:55:28,942 INFO [processador] ESTATISTICA processador=6bf78c300651 partições=[0, 2] processadas=102 (10.2 msg/s) alertas=4 duplicadas=0 por_particao={0: 41, 2: 61}
processador-3  | 2026-09-25T22:55:29.991800163Z 2026-09-25 22:55:29,991 WARNING [processador] ALERTA maquina=producao-fd72ee-m2 setor=producao energia_kw=59.25 > limite 45.00 (partição=0 offset=1827)
processador-3  | 2026-09-25T22:55:30.091906134Z 2026-09-25 22:55:30,091 WARNING [processador] ALERTA maquina=refrigeracao-4594d7-m8 setor=refrigeracao energia_kw=58.12 > limite 45.00 (partição=2 offset=2594)
processador-3  | 2026-09-25T22:55:31.993124423Z 2026-09-25 22:55:31,992 WARNING [processador] ALERTA maquina=producao-fd72ee-m3 setor=producao energia_kw=56.12 > limite 45.00 (partição=2 offset=2603)
processador-3  | 2026-09-25T22:55:31.993140882Z 2026-09-25 22:55:31,993 WARNING [processador] ALERTA maquina=producao-fd72ee-m4 setor=producao vibracao_mm_s=11.21 > limite 7.10 (partição=2 offset=2604)
processador-3  | 2026-09-25T22:55:36.096919554Z 2026-09-25 22:55:36,096 WARNING [processador] ALERTA maquina=refrigeracao-4594d7-m5 setor=refrigeracao energia_kw=61.75 > limite 45.00 (partição=0 offset=1853)
processador-3  | 2026-09-25T22:55:38.943368246Z 2026-09-25 22:55:38,942 INFO [processador] ESTATISTICA processador=6bf78c300651 partições=[0, 2] processadas=98 (9.8 msg/s) alertas=5 duplicadas=0 por_particao={0: 39, 2: 59}
processador-3  | 2026-09-25T22:55:39.991701112Z 2026-09-25 22:55:39,991 WARNING [processador] ALERTA maquina=producao-fd72ee-m3 setor=producao temperatura_c=93.24 > limite 85.00 (partição=2 offset=2651)
processador-3  | 2026-09-25T22:55:40.993488456Z 2026-09-25 22:55:40,993 WARNING [processador] ALERTA maquina=producao-fd72ee-m8 setor=producao energia_kw=55.87 > limite 45.00 (partição=2 offset=2659)
processador-3  | 2026-09-25T22:55:41.941478405Z 2026-09-25 22:55:41,940 WARNING [processador] ALERTA maquina=empacotamento-b5c981-m1 setor=empacotamento vibracao_mm_s=7.87 > limite 7.10 (partição=2 offset=2661)
processador-3  | 2026-09-25T22:55:44.089360260Z 2026-09-25 22:55:44,089 WARNING [processador] ALERTA maquina=refrigeracao-4594d7-m2 setor=refrigeracao energia_kw=63.22 > limite 45.00 (partição=0 offset=1884)
processador-3  | 2026-09-25T22:55:46.994048806Z 2026-09-25 22:55:46,993 WARNING [processador] ALERTA maquina=producao-fd72ee-m3 setor=producao energia_kw=48.12 > limite 45.00 (partição=2 offset=2693)
processador-3  | 2026-09-25T22:55:48.947046799Z 2026-09-25 22:55:48,946 INFO [processador] ESTATISTICA processador=6bf78c300651 partições=[0, 2] processadas=102 (10.2 msg/s) alertas=5 duplicadas=0 por_particao={0: 41, 2: 61}
processador-3  | 2026-09-25T22:55:53.093878188Z 2026-09-25 22:55:53,093 WARNING [processador] ALERTA maquina=refrigeracao-4594d7-m2 setor=refrigeracao vibracao_mm_s=10.97 > limite 7.10 (partição=0 offset=1920)
processador-3  | 2026-09-25T22:55:56.946156018Z 2026-09-25 22:55:56,945 WARNING [processador] ALERTA maquina=empacotamento-b5c981-m1 setor=empacotamento vibracao_mm_s=10.16 > limite 7.10 (partição=2 offset=2751)
processador-3  | 2026-09-25T22:55:58.947789923Z 2026-09-25 22:55:58,947 INFO [processador] ESTATISTICA processador=6bf78c300651 partições=[0, 2] processadas=98 (9.8 msg/s) alertas=2 duplicadas=0 por_particao={0: 40, 2: 58}
processador-3  | 2026-09-25T22:56:08.992304304Z 2026-09-25 22:56:08,991 INFO [processador] ESTATISTICA processador=6bf78c300651 partições=[0, 2] processadas=103 (10.3 msg/s) alertas=0 duplicadas=0 por_particao={0: 41, 2: 62}
processador-3  | 2026-09-25T22:56:09.993995767Z 2026-09-25 22:56:09,993 WARNING [processador] ALERTA maquina=producao-fd72ee-m4 setor=producao temperatura_c=109.42 > limite 85.00 (partição=2 offset=2832)
processador-3  | 2026-09-25T22:56:16.993565004Z 2026-09-25 22:56:16,993 WARNING [processador] ALERTA maquina=producao-fd72ee-m2 setor=producao energia_kw=51.55 > limite 45.00 (partição=0 offset=2015)
processador-3  | 2026-09-25T22:56:17.096131551Z 2026-09-25 22:56:17,095 WARNING [processador] ALERTA maquina=refrigeracao-4594d7-m5 setor=refrigeracao temperatura_c=112.15 > limite 85.00 (partição=0 offset=2017)
processador-3  | 2026-09-25T22:56:17.992241559Z 2026-09-25 22:56:17,991 WARNING [processador] ALERTA maquina=producao-fd72ee-m2 setor=producao energia_kw=55.47 > limite 45.00 (partição=0 offset=2019)
processador-3  | 2026-09-25T22:56:18.992714406Z 2026-09-25 22:56:18,992 INFO [processador] ESTATISTICA processador=6bf78c300651 partições=[0, 2] processadas=100 (10.0 msg/s) alertas=4 duplicadas=0 por_particao={0: 40, 2: 60}
processador-3  | 2026-09-25T22:56:20.993922703Z 2026-09-25 22:56:20,993 WARNING [processador] ALERTA maquina=producao-fd72ee-m8 setor=producao vibracao_mm_s=12.01 > limite 7.10 (partição=2 offset=2899)
processador-3  | 2026-09-25T22:56:21.995164631Z 2026-09-25 22:56:21,994 WARNING [processador] ALERTA maquina=producao-fd72ee-m3 setor=producao temperatura_c=96.91 > limite 85.00 (partição=2 offset=2903)
processador-3  | 2026-09-25T22:56:28.996417536Z 2026-09-25 22:56:28,995 INFO [processador] ESTATISTICA processador=6bf78c300651 partições=[0, 2] processadas=100 (10.0 msg/s) alertas=2 duplicadas=0 por_particao={0: 40, 2: 60}
processador-3  | 2026-09-25T22:56:29.996033288Z 2026-09-25 22:56:29,995 WARNING [processador] ALERTA maquina=producao-fd72ee-m8 setor=producao vibracao_mm_s=11.65 > limite 7.10 (partição=2 offset=2953)
processador-3  | 2026-09-25T22:56:35.094014064Z 2026-09-25 22:56:35,093 WARNING [processador] ALERTA maquina=refrigeracao-4594d7-m5 setor=refrigeracao temperatura_c=109.88 > limite 85.00 (partição=0 offset=2089)
processador-3  | 2026-09-25T22:56:38.999175402Z 2026-09-25 22:56:38,998 INFO [processador] ESTATISTICA processador=6bf78c300651 partições=[0, 2] processadas=101 (10.1 msg/s) alertas=2 duplicadas=0 por_particao={0: 40, 2: 61}
processador-3  | 2026-09-25T22:56:39.101829905Z 2026-09-25 22:56:39,101 WARNING [processador] ALERTA maquina=refrigeracao-4594d7-m8 setor=refrigeracao vibracao_mm_s=11.89 > limite 7.10 (partição=2 offset=3008)
processador-3  | 2026-09-25T22:56:49.096600774Z 2026-09-25 22:56:49,095 INFO [processador] ESTATISTICA processador=6bf78c300651 partições=[0, 2] processadas=103 (10.2 msg/s) alertas=1 duplicadas=0 por_particao={0: 41, 2: 62}
processador-3  | 2026-09-25T22:56:52.995836434Z 2026-09-25 22:56:52,995 WARNING [processador] ALERTA maquina=producao-fd72ee-m4 setor=producao temperatura_c=92.80 > limite 85.00 (partição=2 offset=3090)
processador-3  | 2026-09-25T22:56:53.949497290Z 2026-09-25 22:56:53,949 WARNING [processador] ALERTA maquina=empacotamento-b5c981-m8 setor=empacotamento energia_kw=49.13 > limite 45.00 (partição=2 offset=3094)
processador-3  | 2026-09-25T22:56:57.011036203Z 2026-09-25 22:56:57,010 WARNING [processador] ALERTA maquina=producao-fd72ee-m4 setor=producao energia_kw=54.95 > limite 45.00 (partição=2 offset=3114)
processador-3  | 2026-09-25T22:56:59.943205828Z 2026-09-25 22:56:59,942 INFO [processador] ESTATISTICA processador=6bf78c300651 partições=[0, 2] processadas=103 (9.5 msg/s) alertas=3 duplicadas=0 por_particao={0: 42, 2: 61}
processador-2  | 2026-09-25T22:48:57.071850975Z 2026-09-25 22:48:57,070 INFO [processador] processador 03ebfdfe1e89 entrou no grupo; limites={'temperatura_c': 85.0, 'vibracao_mm_s': 7.1, 'energia_kw': 45.0}
processador-2  | 2026-09-25T22:49:02.485601237Z 2026-09-25 22:49:02,485 INFO [processador] REBALANCO processador=03ebfdfe1e89 partições atribuidas: [] -> responsável por []
processador-2  | 2026-09-25T22:49:05.509412313Z 2026-09-25 22:49:05,509 INFO [processador] REBALANCO processador=03ebfdfe1e89 partições atribuidas: [1, 3] -> responsável por [1, 3]
processador-2  | 2026-09-25T22:49:05.933368200Z 2026-09-25 22:49:05,933 WARNING [processador] ALERTA maquina=empacotamento-b5c981-m6 setor=empacotamento temperatura_c=88.51 > limite 85.00 (partição=3 offset=41)
processador-2  | 2026-09-25T22:49:07.066933143Z 2026-09-25 22:49:07,066 WARNING [processador] ALERTA maquina=refrigeracao-4594d7-m3 setor=refrigeracao energia_kw=65.07 > limite 45.00 (partição=3 offset=46)
processador-2  | 2026-09-25T22:49:07.072718733Z 2026-09-25 22:49:07,072 INFO [processador] ESTATISTICA processador=03ebfdfe1e89 partições=[1, 3] processadas=34 (3.4 msg/s) alertas=2 duplicadas=0 por_particao={1: 14, 3: 20}
processador-2  | 2026-09-25T22:49:09.927342014Z 2026-09-25 22:49:09,926 WARNING [processador] ALERTA maquina=empacotamento-b5c981-m3 setor=empacotamento vibracao_mm_s=10.44 > limite 7.10 (partição=3 offset=56)
processador-2  | 2026-09-25T22:49:15.063247840Z 2026-09-25 22:49:15,062 WARNING [processador] ALERTA maquina=refrigeracao-4594d7-m6 setor=refrigeracao temperatura_c=100.11 > limite 85.00 (partição=1 offset=59)
processador-2  | 2026-09-25T22:49:17.070350216Z 2026-09-25 22:49:17,070 WARNING [processador] ALERTA maquina=refrigeracao-4594d7-m4 setor=refrigeracao energia_kw=57.93 > limite 45.00 (partição=1 offset=64)
processador-2  | 2026-09-25T22:49:17.924356210Z 2026-09-25 22:49:17,923 INFO [processador] ESTATISTICA processador=03ebfdfe1e89 partições=[1, 3] processadas=72 (6.6 msg/s) alertas=3 duplicadas=0 por_particao={1: 31, 3: 41}
processador-2  | 2026-09-25T22:49:27.931557186Z 2026-09-25 22:49:27,930 INFO [processador] ESTATISTICA processador=03ebfdfe1e89 partições=[1, 3] processadas=70 (7.0 msg/s) alertas=0 duplicadas=0 por_particao={1: 30, 3: 40}
processador-2  | 2026-09-25T22:49:34.061747752Z 2026-09-25 22:49:34,061 WARNING [processador] ALERTA maquina=refrigeracao-4594d7-m6 setor=refrigeracao temperatura_c=96.62 > limite 85.00 (partição=1 offset=116)
processador-2  | 2026-09-25T22:49:37.931098100Z 2026-09-25 22:49:37,930 INFO [processador] ESTATISTICA processador=03ebfdfe1e89 partições=[1, 3] processadas=72 (7.2 msg/s) alertas=1 duplicadas=0 por_particao={1: 31, 3: 41}
processador-2  | 2026-09-25T22:49:39.066792567Z 2026-09-25 22:49:39,066 WARNING [processador] ALERTA maquina=refrigeracao-4594d7-m7 setor=refrigeracao energia_kw=58.54 > limite 45.00 (partição=3 offset=175)
processador-2  | 2026-09-25T22:49:44.930326436Z 2026-09-25 22:49:44,929 WARNING [processador] ALERTA maquina=empacotamento-b5c981-m3 setor=empacotamento temperatura_c=97.31 > limite 85.00 (partição=3 offset=196)
processador-2  | 2026-09-25T22:49:46.928366956Z 2026-09-25 22:49:46,928 WARNING [processador] ALERTA maquina=empacotamento-b5c981-m6 setor=empacotamento vibracao_mm_s=9.10 > limite 7.10 (partição=3 offset=205)
processador-2  | 2026-09-25T22:49:47.932919500Z 2026-09-25 22:49:47,932 INFO [processador] ESTATISTICA processador=03ebfdfe1e89 partições=[1, 3] processadas=69 (6.9 msg/s) alertas=3 duplicadas=0 por_particao={1: 30, 3: 39}
processador-2  | 2026-09-25T22:49:52.931907045Z 2026-09-25 22:49:52,931 WARNING [processador] ALERTA maquina=empacotamento-b5c981-m3 setor=empacotamento energia_kw=48.25 > limite 45.00 (partição=3 offset=228)
processador-2  | 2026-09-25T22:49:57.933818064Z 2026-09-25 22:49:57,933 INFO [processador] ESTATISTICA processador=03ebfdfe1e89 partições=[1, 3] processadas=71 (7.1 msg/s) alertas=1 duplicadas=0 por_particao={1: 30, 3: 41}
processador-2  | 2026-09-25T22:50:05.931758793Z 2026-09-25 22:50:05,930 WARNING [processador] ALERTA maquina=empacotamento-b5c981-m2 setor=empacotamento temperatura_c=88.25 > limite 85.00 (partição=1 offset=210)
processador-2  | 2026-09-25T22:50:06.062746432Z 2026-09-25 22:50:06,062 WARNING [processador] ALERTA maquina=refrigeracao-4594d7-m3 setor=refrigeracao energia_kw=54.37 > limite 45.00 (partição=3 offset=282)
processador-2  | 2026-09-25T22:50:08.066438501Z 2026-09-25 22:50:08,065 INFO [processador] ESTATISTICA processador=03ebfdfe1e89 partições=[1, 3] processadas=67 (6.6 msg/s) alertas=2 duplicadas=0 por_particao={1: 29, 3: 38}
processador-2  | 2026-09-25T22:50:12.012619955Z 2026-09-25 22:50:12,012 WARNING [processador] ALERTA maquina=empacotamento-b5c981-m2 setor=empacotamento energia_kw=45.77 > limite 45.00 (partição=1 offset=220)
processador-2  | 2026-09-25T22:50:13.085578338Z 2026-09-25 22:50:13,085 WARNING [processador] ALERTA maquina=empacotamento-b5c981-m3 setor=empacotamento energia_kw=45.90 > limite 45.00 (partição=3 offset=306)
processador-2  | 2026-09-25T22:50:13.099163564Z 2026-09-25 22:50:13,098 WARNING [processador] ALERTA maquina=refrigeracao-4594d7-m6 setor=refrigeracao temperatura_c=99.16 > limite 85.00 (partição=1 offset=231)
processador-2  | 2026-09-25T22:50:18.070307394Z 2026-09-25 22:50:18,070 INFO [processador] ESTATISTICA processador=03ebfdfe1e89 partições=[1, 3] processadas=76 (7.6 msg/s) alertas=3 duplicadas=0 por_particao={1: 32, 3: 44}
processador-2  | 2026-09-25T22:50:20.927387292Z 2026-09-25 22:50:20,925 WARNING [processador] ALERTA maquina=empacotamento-b5c981-m2 setor=empacotamento vibracao_mm_s=10.49 > limite 7.10 (partição=1 offset=255)
processador-2  | 2026-09-25T22:50:22.065458126Z 2026-09-25 22:50:22,064 WARNING [processador] ALERTA maquina=refrigeracao-4594d7-m4 setor=refrigeracao temperatura_c=105.82 > limite 85.00 (partição=1 offset=259)
processador-2  | 2026-09-25T22:50:28.930055052Z 2026-09-25 22:50:28,928 INFO [processador] ESTATISTICA processador=03ebfdfe1e89 partições=[1, 3] processadas=72 (6.6 msg/s) alertas=2 duplicadas=0 por_particao={1: 32, 3: 40}
processador-2  | 2026-09-25T22:50:31.068915645Z 2026-09-25 22:50:31,068 WARNING [processador] ALERTA maquina=refrigeracao-4594d7-m4 setor=refrigeracao energia_kw=59.06 > limite 45.00 (partição=1 offset=286)
processador-2  | 2026-09-25T22:50:34.066453221Z 2026-09-25 22:50:34,066 WARNING [processador] ALERTA maquina=refrigeracao-4594d7-m7 setor=refrigeracao temperatura_c=110.75 > limite 85.00 (partição=3 offset=395)
processador-2  | 2026-09-25T22:50:35.065769524Z 2026-09-25 22:50:35,065 WARNING [processador] ALERTA maquina=refrigeracao-4594d7-m3 setor=refrigeracao temperatura_c=106.36 > limite 85.00 (partição=3 offset=398)
processador-2  | 2026-09-25T22:50:39.065065208Z 2026-09-25 22:50:39,064 INFO [processador] ESTATISTICA processador=03ebfdfe1e89 partições=[1, 3] processadas=73 (7.2 msg/s) alertas=3 duplicadas=0 por_particao={1: 31, 3: 42}
processador-2  | 2026-09-25T22:50:40.065995819Z 2026-09-25 22:50:40,065 WARNING [processador] ALERTA maquina=refrigeracao-4594d7-m4 setor=refrigeracao temperatura_c=97.59 > limite 85.00 (partição=1 offset=313)
processador-2  | 2026-09-25T22:50:49.066776564Z 2026-09-25 22:50:49,066 INFO [processador] ESTATISTICA processador=03ebfdfe1e89 partições=[1, 3] processadas=70 (7.0 msg/s) alertas=1 duplicadas=0 por_particao={1: 30, 3: 40}
processador-2  | 2026-09-25T22:50:52.932073642Z 2026-09-25 22:50:52,931 WARNING [processador] ALERTA maquina=empacotamento-b5c981-m3 setor=empacotamento temperatura_c=97.28 > limite 85.00 (partição=3 offset=468)
processador-2  | 2026-09-25T22:50:56.071787547Z 2026-09-25 22:50:56,071 WARNING [processador] ALERTA maquina=refrigeracao-4594d7-m3 setor=refrigeracao energia_kw=52.11 > limite 45.00 (partição=3 offset=482)
processador-2  | 2026-09-25T22:50:58.074775742Z 2026-09-25 22:50:58,074 WARNING [processador] ALERTA maquina=refrigeracao-4594d7-m3 setor=refrigeracao energia_kw=56.59 > limite 45.00 (partição=3 offset=490)
processador-2  | 2026-09-25T22:50:59.080370282Z 2026-09-25 22:50:59,080 INFO [processador] ESTATISTICA processador=03ebfdfe1e89 partições=[1, 3] processadas=70 (7.0 msg/s) alertas=3 duplicadas=0 por_particao={1: 29, 3: 41}
processador-2  | 2026-09-25T22:51:07.071525824Z 2026-09-25 22:51:07,071 WARNING [processador] ALERTA maquina=refrigeracao-4594d7-m7 setor=refrigeracao temperatura_c=100.35 > limite 85.00 (partição=3 offset=527)
processador-2  | 2026-09-25T22:51:09.932636788Z 2026-09-25 22:51:09,930 INFO [processador] ESTATISTICA processador=03ebfdfe1e89 partições=[1, 3] processadas=74 (6.8 msg/s) alertas=1 duplicadas=0 por_particao={1: 33, 3: 41}
processador-2  | 2026-09-25T22:51:11.068525425Z 2026-09-25 22:51:11,068 WARNING [processador] ALERTA maquina=refrigeracao-4594d7-m6 setor=refrigeracao temperatura_c=105.15 > limite 85.00 (partição=1 offset=407)
processador-2  | 2026-09-25T22:51:17.931155035Z 2026-09-25 22:51:17,930 WARNING [processador] ALERTA maquina=empacotamento-b5c981-m3 setor=empacotamento vibracao_mm_s=10.70 > limite 7.10 (partição=3 offset=568)
processador-2  | 2026-09-25T22:51:18.929315734Z 2026-09-25 22:51:18,928 WARNING [processador] ALERTA maquina=empacotamento-b5c981-m2 setor=empacotamento vibracao_mm_s=10.42 > limite 7.10 (partição=1 offset=429)
processador-2  | 2026-09-25T22:51:20.930422049Z 2026-09-25 22:51:20,930 INFO [processador] ESTATISTICA processador=03ebfdfe1e89 partições=[1, 3] processadas=65 (5.9 msg/s) alertas=3 duplicadas=0 por_particao={1: 27, 3: 38}
processador-2  | 2026-09-25T22:51:26.295207091Z 2026-09-25 22:51:26,294 WARNING [processador] ALERTA maquina=refrigeracao-4594d7-m6 setor=refrigeracao energia_kw=54.44 > limite 45.00 (partição=1 offset=445)
processador-2  | 2026-09-25T22:51:30.931180289Z 2026-09-25 22:51:30,930 INFO [processador] ESTATISTICA processador=03ebfdfe1e89 partições=[1, 3] processadas=83 (8.3 msg/s) alertas=1 duplicadas=0 por_particao={1: 36, 3: 47}
processador-2  | 2026-09-25T22:51:31.069565444Z 2026-09-25 22:51:31,069 WARNING [processador] ALERTA maquina=refrigeracao-4594d7-m7 setor=refrigeracao temperatura_c=109.71 > limite 85.00 (partição=3 offset=623)
processador-2  | 2026-09-25T22:51:34.075208016Z 2026-09-25 22:51:34,074 WARNING [processador] ALERTA maquina=refrigeracao-4594d7-m4 setor=refrigeracao vibracao_mm_s=12.53 > limite 7.10 (partição=1 offset=475)
processador-2  | 2026-09-25T22:51:40.932337261Z 2026-09-25 22:51:40,932 INFO [processador] ESTATISTICA processador=03ebfdfe1e89 partições=[1, 3] processadas=71 (7.1 msg/s) alertas=2 duplicadas=0 por_particao={1: 30, 3: 41}
processador-2  | 2026-09-25T22:51:45.069274474Z 2026-09-25 22:51:45,068 WARNING [processador] ALERTA maquina=refrigeracao-4594d7-m3 setor=refrigeracao vibracao_mm_s=9.74 > limite 7.10 (partição=3 offset=678)
processador-2  | 2026-09-25T22:51:50.932777401Z 2026-09-25 22:51:50,932 INFO [processador] ESTATISTICA processador=03ebfdfe1e89 partições=[1, 3] processadas=70 (7.0 msg/s) alertas=1 duplicadas=0 por_particao={1: 30, 3: 40}
processador-2  | 2026-09-25T22:51:53.069709782Z 2026-09-25 22:51:53,069 WARNING [processador] ALERTA maquina=refrigeracao-4594d7-m7 setor=refrigeracao vibracao_mm_s=10.39 > limite 7.10 (partição=3 offset=711)
processador-2  | 2026-09-25T22:51:57.073053944Z 2026-09-25 22:51:57,071 WARNING [processador] ALERTA maquina=refrigeracao-4594d7-m7 setor=refrigeracao temperatura_c=109.30 > limite 85.00 (partição=3 offset=727)
processador-2  | 2026-09-25T22:52:01.070038954Z 2026-09-25 22:52:01,069 WARNING [processador] ALERTA maquina=refrigeracao-4594d7-m3 setor=refrigeracao vibracao_mm_s=9.37 > limite 7.10 (partição=3 offset=742)
processador-2  | 2026-09-25T22:52:01.070083737Z 2026-09-25 22:52:01,069 INFO [processador] ESTATISTICA processador=03ebfdfe1e89 partições=[1, 3] processadas=71 (7.0 msg/s) alertas=3 duplicadas=0 por_particao={1: 30, 3: 41}
processador-2  | 2026-09-25T22:52:02.936618300Z 2026-09-25 22:52:02,936 WARNING [processador] ALERTA maquina=empacotamento-b5c981-m6 setor=empacotamento temperatura_c=91.06 > limite 85.00 (partição=3 offset=749)
processador-2  | 2026-09-25T22:52:11.080638725Z 2026-09-25 22:52:11,080 INFO [processador] ESTATISTICA processador=03ebfdfe1e89 partições=[1, 3] processadas=70 (7.0 msg/s) alertas=1 duplicadas=0 por_particao={1: 30, 3: 40}
processador-2  | 2026-09-25T22:52:16.084747956Z 2026-09-25 22:52:16,084 WARNING [processador] ALERTA maquina=refrigeracao-4594d7-m4 setor=refrigeracao energia_kw=58.25 > limite 45.00 (partição=1 offset=601)
processador-2  | 2026-09-25T22:52:18.084478132Z 2026-09-25 22:52:18,084 WARNING [processador] ALERTA maquina=refrigeracao-4594d7-m6 setor=refrigeracao vibracao_mm_s=11.91 > limite 7.10 (partição=1 offset=608)
processador-2  | 2026-09-25T22:52:19.086372683Z 2026-09-25 22:52:19,086 WARNING [processador] ALERTA maquina=refrigeracao-4594d7-m6 setor=refrigeracao temperatura_c=106.11 > limite 85.00 (partição=1 offset=611)
processador-2  | 2026-09-25T22:52:21.083455278Z 2026-09-25 22:52:21,083 INFO [processador] ESTATISTICA processador=03ebfdfe1e89 partições=[1, 3] processadas=70 (7.0 msg/s) alertas=3 duplicadas=0 por_particao={1: 31, 3: 39}
processador-2  | 2026-09-25T22:52:22.083476065Z 2026-09-25 22:52:22,082 WARNING [processador] ALERTA maquina=refrigeracao-4594d7-m7 setor=refrigeracao vibracao_mm_s=12.09 > limite 7.10 (partição=3 offset=827)
processador-2  | 2026-09-25T22:52:23.086702419Z 2026-09-25 22:52:23,086 WARNING [processador] ALERTA maquina=refrigeracao-4594d7-m7 setor=refrigeracao temperatura_c=107.68 > limite 85.00 (partição=3 offset=831)
processador-2  | 2026-09-25T22:52:26.085146237Z 2026-09-25 22:52:26,084 WARNING [processador] ALERTA maquina=refrigeracao-4594d7-m4 setor=refrigeracao energia_kw=59.69 > limite 45.00 (partição=1 offset=631)
processador-2  | 2026-09-25T22:52:31.087249833Z 2026-09-25 22:52:31,086 WARNING [processador] ALERTA maquina=refrigeracao-4594d7-m4 setor=refrigeracao temperatura_c=108.11 > limite 85.00 (partição=1 offset=646)
processador-2  | 2026-09-25T22:52:31.087274048Z 2026-09-25 22:52:31,087 INFO [processador] ESTATISTICA processador=03ebfdfe1e89 partições=[1, 3] processadas=72 (7.2 msg/s) alertas=4 duplicadas=0 por_particao={1: 30, 3: 42}
processador-2  | 2026-09-25T22:52:41.935039964Z 2026-09-25 22:52:41,934 INFO [processador] ESTATISTICA processador=03ebfdfe1e89 partições=[1, 3] processadas=72 (6.6 msg/s) alertas=0 duplicadas=0 por_particao={1: 32, 3: 40}
processador-2  | 2026-09-25T22:52:44.730063659Z 2026-09-25 22:52:44,729 INFO [processador] REBALANCO processador=03ebfdfe1e89 partições atribuidas: [2] -> responsável por [1, 2, 3]
processador-2  | 2026-09-25T22:52:45.754018122Z 2026-09-25 22:52:45,753 INFO [processador] leitura já gravada ignorada (partição=2 offset=1290)
processador-2  | 2026-09-25T22:52:45.754042747Z 2026-09-25 22:52:45,753 INFO [processador] leitura já gravada ignorada (partição=2 offset=1291)
processador-2  | 2026-09-25T22:52:45.754046705Z 2026-09-25 22:52:45,753 INFO [processador] leitura já gravada ignorada (partição=2 offset=1292)
processador-2  | 2026-09-25T22:52:45.754226008Z 2026-09-25 22:52:45,753 INFO [processador] leitura já gravada ignorada (partição=2 offset=1293)
processador-2  | 2026-09-25T22:52:45.754241500Z 2026-09-25 22:52:45,753 INFO [processador] leitura já gravada ignorada (partição=2 offset=1294)
processador-2  | 2026-09-25T22:52:45.754244951Z 2026-09-25 22:52:45,754 INFO [processador] leitura já gravada ignorada (partição=2 offset=1295)
processador-2  | 2026-09-25T22:52:45.754247441Z 2026-09-25 22:52:45,754 INFO [processador] leitura já gravada ignorada (partição=2 offset=1296)
processador-2  | 2026-09-25T22:52:45.754249793Z 2026-09-25 22:52:45,754 INFO [processador] leitura já gravada ignorada (partição=2 offset=1297)
processador-2  | 2026-09-25T22:52:45.754252038Z 2026-09-25 22:52:45,754 INFO [processador] leitura já gravada ignorada (partição=2 offset=1298)
processador-2  | 2026-09-25T22:52:45.754254244Z 2026-09-25 22:52:45,754 INFO [processador] leitura já gravada ignorada (partição=2 offset=1299)
processador-2  | 2026-09-25T22:52:45.754345836Z 2026-09-25 22:52:45,754 INFO [processador] leitura já gravada ignorada (partição=2 offset=1300)
processador-2  | 2026-09-25T22:52:45.754359515Z 2026-09-25 22:52:45,754 INFO [processador] leitura já gravada ignorada (partição=2 offset=1301)
processador-2  | 2026-09-25T22:52:45.754363266Z 2026-09-25 22:52:45,754 INFO [processador] leitura já gravada ignorada (partição=2 offset=1302)
processador-2  | 2026-09-25T22:52:45.754365700Z 2026-09-25 22:52:45,754 INFO [processador] leitura já gravada ignorada (partição=2 offset=1303)
processador-2  | 2026-09-25T22:52:45.947016839Z 2026-09-25 22:52:45,946 WARNING [processador] ALERTA maquina=empacotamento-b5c981-m1 setor=empacotamento energia_kw=49.01 > limite 45.00 (partição=2 offset=1380)
processador-2  | 2026-09-25T22:52:51.936201424Z 2026-09-25 22:52:51,935 INFO [processador] ESTATISTICA processador=03ebfdfe1e89 partições=[1, 2, 3] processadas=196 (19.6 msg/s) alertas=1 duplicadas=14 por_particao={1: 29, 2: 127, 3: 40}
processador-2  | 2026-09-25T22:52:56.765562290Z 2026-09-25 22:52:56,765 INFO [processador] REBALANCO processador=03ebfdfe1e89 partições revogadas: [1] -> responsável por [2, 3]
processador-2  | 2026-09-25T22:52:56.773608103Z 2026-09-25 22:52:56,773 INFO [processador] REBALANCO processador=03ebfdfe1e89 partições atribuidas: [] -> responsável por [2, 3]
processador-2  | 2026-09-25T22:52:56.994307463Z 2026-09-25 22:52:56,992 WARNING [processador] ALERTA maquina=producao-fd72ee-m8 setor=producao energia_kw=57.69 > limite 45.00 (partição=2 offset=1450)
processador-2  | 2026-09-25T22:52:58.991336947Z 2026-09-25 22:52:58,991 WARNING [processador] ALERTA maquina=producao-fd72ee-m8 setor=producao vibracao_mm_s=11.42 > limite 7.10 (partição=2 offset=1462)
processador-2  | 2026-09-25T22:52:59.091293654Z 2026-09-25 22:52:59,091 WARNING [processador] ALERTA maquina=refrigeracao-4594d7-m7 setor=refrigeracao vibracao_mm_s=11.78 > limite 7.10 (partição=3 offset=975)
processador-2  | 2026-09-25T22:52:59.779394795Z 2026-09-25 22:52:59,779 INFO [processador] REBALANCO processador=03ebfdfe1e89 partições revogadas: [2] -> responsável por [3]
processador-2  | 2026-09-25T22:52:59.787659845Z 2026-09-25 22:52:59,787 INFO [processador] REBALANCO processador=03ebfdfe1e89 partições atribuidas: [] -> responsável por [3]
processador-2  | 2026-09-25T22:53:01.084722446Z 2026-09-25 22:53:01,084 WARNING [processador] ALERTA maquina=refrigeracao-4594d7-m3 setor=refrigeracao energia_kw=57.05 > limite 45.00 (partição=3 offset=982)
processador-2  | 2026-09-25T22:53:01.938532761Z 2026-09-25 22:53:01,938 INFO [processador] ESTATISTICA processador=03ebfdfe1e89 partições=[3] processadas=103 (10.3 msg/s) alertas=4 duplicadas=0 por_particao={1: 15, 2: 47, 3: 41}
processador-2  | 2026-09-25T22:53:02.785178844Z 2026-09-25 22:53:02,784 INFO [processador] REBALANCO processador=03ebfdfe1e89 partições atribuidas: [] -> responsável por [3]
processador-2  | 2026-09-25T22:53:12.090650666Z 2026-09-25 22:53:12,090 INFO [processador] ESTATISTICA processador=03ebfdfe1e89 partições=[3] processadas=42 (4.1 msg/s) alertas=0 duplicadas=0 por_particao={3: 42}
processador-2  | 2026-09-25T22:53:13.088384411Z 2026-09-25 22:53:13,088 WARNING [processador] ALERTA maquina=refrigeracao-4594d7-m3 setor=refrigeracao energia_kw=54.39 > limite 45.00 (partição=3 offset=1030)
processador-2  | 2026-09-25T22:53:16.934237983Z 2026-09-25 22:53:16,934 WARNING [processador] ALERTA maquina=empacotamento-b5c981-m6 setor=empacotamento temperatura_c=86.71 > limite 85.00 (partição=3 offset=1045)
processador-2  | 2026-09-25T22:53:17.939923812Z 2026-09-25 22:53:17,939 WARNING [processador] ALERTA maquina=empacotamento-b5c981-m3 setor=empacotamento vibracao_mm_s=8.53 > limite 7.10 (partição=3 offset=1048)
processador-2  | 2026-09-25T22:53:22.936638189Z 2026-09-25 22:53:22,936 INFO [processador] ESTATISTICA processador=03ebfdfe1e89 partições=[3] processadas=42 (3.9 msg/s) alertas=3 duplicadas=0 por_particao={3: 42}
processador-2  | 2026-09-25T22:53:23.839627712Z 2026-09-25 22:53:23,839 INFO [processador] REBALANCO processador=03ebfdfe1e89 partições atribuidas: [] -> responsável por [3]
processador-2  | 2026-09-25T22:53:26.089221408Z 2026-09-25 22:53:26,088 WARNING [processador] ALERTA maquina=refrigeracao-4594d7-m7 setor=refrigeracao energia_kw=52.83 > limite 45.00 (partição=3 offset=1083)
processador-2  | 2026-09-25T22:53:32.944439372Z 2026-09-25 22:53:32,944 INFO [processador] ESTATISTICA processador=03ebfdfe1e89 partições=[3] processadas=40 (4.0 msg/s) alertas=1 duplicadas=0 por_particao={3: 40}
processador-2  | 2026-09-25T22:53:36.088421678Z 2026-09-25 22:53:36,088 WARNING [processador] ALERTA maquina=refrigeracao-4594d7-m7 setor=refrigeracao temperatura_c=107.19 > limite 85.00 (partição=3 offset=1123)
processador-2  | 2026-09-25T22:53:39.091739758Z 2026-09-25 22:53:39,091 WARNING [processador] ALERTA maquina=refrigeracao-4594d7-m3 setor=refrigeracao vibracao_mm_s=12.70 > limite 7.10 (partição=3 offset=1134)
processador-2  | 2026-09-25T22:53:43.087263916Z 2026-09-25 22:53:43,086 INFO [processador] ESTATISTICA processador=03ebfdfe1e89 partições=[3] processadas=42 (4.1 msg/s) alertas=2 duplicadas=0 por_particao={3: 42}
processador-2  | 2026-09-25T22:53:50.938095678Z 2026-09-25 22:53:50,937 WARNING [processador] ALERTA maquina=empacotamento-b5c981-m3 setor=empacotamento vibracao_mm_s=10.81 > limite 7.10 (partição=3 offset=1180)
processador-2  | 2026-09-25T22:53:51.860654132Z 2026-09-25 22:53:51,860 INFO [processador] REBALANCO processador=03ebfdfe1e89 partições atribuidas: [2, 5] -> responsável por [2, 3, 5]
processador-2  | 2026-09-25T22:53:51.873908122Z 2026-09-25 22:53:51,873 WARNING [processador] ALERTA maquina=empacotamento-b5c981-m8 setor=empacotamento energia_kw=49.17 > limite 45.00 (partição=2 offset=1747)
processador-2  | 2026-09-25T22:53:51.874549940Z 2026-09-25 22:53:51,874 WARNING [processador] ALERTA maquina=refrigeracao-4594d7-m8 setor=refrigeracao energia_kw=56.67 > limite 45.00 (partição=2 offset=1769)
processador-2  | 2026-09-25T22:53:51.937930169Z 2026-09-25 22:53:51,937 WARNING [processador] ALERTA maquina=producao-fd72ee-m1 setor=producao energia_kw=54.30 > limite 45.00 (partição=5 offset=882)
processador-2  | 2026-09-25T22:53:52.946052075Z 2026-09-25 22:53:52,945 WARNING [processador] ALERTA maquina=empacotamento-b5c981-m3 setor=empacotamento vibracao_mm_s=10.83 > limite 7.10 (partição=3 offset=1188)
processador-2  | 2026-09-25T22:53:52.946390552Z 2026-09-25 22:53:52,946 WARNING [processador] ALERTA maquina=empacotamento-b5c981-m6 setor=empacotamento vibracao_mm_s=9.09 > limite 7.10 (partição=3 offset=1189)
processador-2  | 2026-09-25T22:53:53.088047973Z 2026-09-25 22:53:53,087 INFO [processador] ESTATISTICA processador=03ebfdfe1e89 partições=[2, 3, 5] processadas=127 (12.7 msg/s) alertas=6 duplicadas=0 por_particao={2: 58, 3: 40, 5: 29}
processador-2  | 2026-09-25T22:53:53.938833097Z 2026-09-25 22:53:53,938 WARNING [processador] ALERTA maquina=empacotamento-b5c981-m1 setor=empacotamento temperatura_c=87.85 > limite 85.00 (partição=2 offset=1788)
processador-2  | 2026-09-25T22:53:56.940894030Z 2026-09-25 22:53:56,940 WARNING [processador] ALERTA maquina=empacotamento-b5c981-m8 setor=empacotamento vibracao_mm_s=9.34 > limite 7.10 (partição=2 offset=1807)
processador-2  | 2026-09-25T22:53:56.990493525Z 2026-09-25 22:53:56,989 WARNING [processador] ALERTA maquina=producao-fd72ee-m3 setor=producao vibracao_mm_s=10.32 > limite 7.10 (partição=2 offset=1808)
processador-2  | 2026-09-25T22:53:58.990719112Z 2026-09-25 22:53:58,990 WARNING [processador] ALERTA maquina=producao-fd72ee-m4 setor=producao energia_kw=60.50 > limite 45.00 (partição=2 offset=1821)
processador-2  | 2026-09-25T22:53:59.994478554Z 2026-09-25 22:53:59,994 WARNING [processador] ALERTA maquina=producao-fd72ee-m6 setor=producao vibracao_mm_s=8.91 > limite 7.10 (partição=5 offset=913)
processador-2  | 2026-09-25T22:54:01.940402139Z 2026-09-25 22:54:01,940 WARNING [processador] ALERTA maquina=empacotamento-b5c981-m1 setor=empacotamento vibracao_mm_s=10.50 > limite 7.10 (partição=2 offset=1836)
processador-2  | 2026-09-25T22:54:01.992755671Z 2026-09-25 22:54:01,992 WARNING [processador] ALERTA maquina=producao-fd72ee-m1 setor=producao temperatura_c=100.86 > limite 85.00 (partição=5 offset=918)
processador-2  | 2026-09-25T22:54:03.090729889Z 2026-09-25 22:54:03,090 INFO [processador] ESTATISTICA processador=03ebfdfe1e89 partições=[2, 3, 5] processadas=130 (13.0 msg/s) alertas=7 duplicadas=0 por_particao={2: 61, 3: 39, 5: 30}
processador-2  | 2026-09-25T22:54:09.833710808Z 2026-09-25 22:54:09,833 WARNING [processador] ALERTA maquina=empacotamento-77931d-m3 setor=empacotamento vibracao_mm_s=8.82 > limite 7.10 (partição=3 offset=1264)
processador-2  | 2026-09-25T22:54:09.936373613Z 2026-09-25 22:54:09,936 WARNING [processador] ALERTA maquina=empacotamento-b5c981-m6 setor=empacotamento vibracao_mm_s=9.68 > limite 7.10 (partição=3 offset=1268)
processador-2  | 2026-09-25T22:54:09.990357952Z 2026-09-25 22:54:09,990 WARNING [processador] ALERTA maquina=producao-fd72ee-m4 setor=producao energia_kw=50.67 > limite 45.00 (partição=2 offset=1901)
processador-2  | 2026-09-25T22:54:13.090960652Z 2026-09-25 22:54:13,090 INFO [processador] ESTATISTICA processador=03ebfdfe1e89 partições=[2, 3, 5] processadas=239 (23.9 msg/s) alertas=3 duplicadas=0 por_particao={2: 104, 3: 78, 5: 57}
processador-2  | 2026-09-25T22:54:13.943695692Z 2026-09-25 22:54:13,943 WARNING [processador] ALERTA maquina=producao-dbccff-m8 setor=producao vibracao_mm_s=9.90 > limite 7.10 (partição=3 offset=1317)
processador-2  | 2026-09-25T22:54:14.886847338Z 2026-09-25 22:54:14,886 WARNING [processador] ALERTA maquina=refrigeracao-d7e5f7-m2 setor=refrigeracao vibracao_mm_s=12.31 > limite 7.10 (partição=5 offset=994)
processador-2  | 2026-09-25T22:54:15.063094931Z 2026-09-25 22:54:15,062 WARNING [processador] ALERTA maquina=empacotamento-f084f5-m7 setor=empacotamento vibracao_mm_s=10.06 > limite 7.10 (partição=2 offset=1979)
processador-2  | 2026-09-25T22:54:15.104685708Z 2026-09-25 22:54:15,104 WARNING [processador] ALERTA maquina=refrigeracao-079d4f-m2 setor=refrigeracao temperatura_c=102.27 > limite 85.00 (partição=5 offset=999)
processador-2  | 2026-09-25T22:54:16.065733364Z 2026-09-25 22:54:16,065 WARNING [processador] ALERTA maquina=empacotamento-f084f5-m7 setor=empacotamento vibracao_mm_s=11.04 > limite 7.10 (partição=2 offset=1994)
processador-2  | 2026-09-25T22:54:16.202213674Z 2026-09-25 22:54:16,201 WARNING [processador] ALERTA maquina=producao-4e2ce8-m8 setor=producao energia_kw=49.97 > limite 45.00 (partição=3 offset=1347)
processador-2  | 2026-09-25T22:54:17.937183065Z 2026-09-25 22:54:17,936 WARNING [processador] ALERTA maquina=empacotamento-b5c981-m8 setor=empacotamento vibracao_mm_s=10.33 > limite 7.10 (partição=2 offset=2017)
processador-2  | 2026-09-25T22:54:20.942536491Z 2026-09-25 22:54:20,942 WARNING [processador] ALERTA maquina=producao-dbccff-m1 setor=producao energia_kw=55.67 > limite 45.00 (partição=2 offset=2063)
processador-2  | 2026-09-25T22:54:21.199652308Z 2026-09-25 22:54:21,199 WARNING [processador] ALERTA maquina=producao-4e2ce8-m2 setor=producao temperatura_c=93.75 > limite 85.00 (partição=2 offset=2072)
processador-2  | 2026-09-25T22:54:21.936176128Z 2026-09-25 22:54:21,935 WARNING [processador] ALERTA maquina=empacotamento-b5c981-m1 setor=empacotamento temperatura_c=93.01 > limite 85.00 (partição=2 offset=2076)
processador-2  | 2026-09-25T22:54:23.107028998Z 2026-09-25 22:54:23,106 INFO [processador] ESTATISTICA processador=03ebfdfe1e89 partições=[2, 3, 5] processadas=362 (36.1 msg/s) alertas=10 duplicadas=0 por_particao={2: 150, 3: 122, 5: 90}
processador-2  | 2026-09-25T22:54:23.990307059Z 2026-09-25 22:54:23,990 WARNING [processador] ALERTA maquina=producao-fd72ee-m7 setor=producao vibracao_mm_s=11.99 > limite 7.10 (partição=5 offset=1079)
processador-2  | 2026-09-25T22:54:25.091223979Z 2026-09-25 22:54:25,090 WARNING [processador] ALERTA maquina=refrigeracao-4594d7-m8 setor=refrigeracao temperatura_c=115.05 > limite 85.00 (partição=2 offset=2131)
processador-2  | 2026-09-25T22:54:25.947523616Z 2026-09-25 22:54:25,947 WARNING [processador] ALERTA maquina=producao-dbccff-m8 setor=producao energia_kw=55.56 > limite 45.00 (partição=3 offset=1461)
processador-2  | 2026-09-25T22:54:27.954024900Z 2026-09-25 22:54:27,953 WARNING [processador] ALERTA maquina=producao-dbccff-m6 setor=producao vibracao_mm_s=11.35 > limite 7.10 (partição=5 offset=1112)
processador-2  | 2026-09-25T22:54:29.063850641Z 2026-09-25 22:54:29,063 WARNING [processador] ALERTA maquina=empacotamento-f084f5-m7 setor=empacotamento vibracao_mm_s=8.22 > limite 7.10 (partição=2 offset=2189)
processador-2  | 2026-09-25T22:54:30.104590727Z 2026-09-25 22:54:30,104 WARNING [processador] ALERTA maquina=refrigeracao-079d4f-m3 setor=refrigeracao vibracao_mm_s=12.19 > limite 7.10 (partição=3 offset=1513)
processador-2  | 2026-09-25T22:54:30.942931289Z 2026-09-25 22:54:30,942 WARNING [processador] ALERTA maquina=empacotamento-b5c981-m1 setor=empacotamento vibracao_mm_s=11.11 > limite 7.10 (partição=2 offset=2211)
processador-2  | 2026-09-25T22:54:33.087209990Z 2026-09-25 22:54:33,086 WARNING [processador] ALERTA maquina=refrigeracao-4594d7-m8 setor=refrigeracao energia_kw=55.44 > limite 45.00 (partição=2 offset=2251)
processador-2  | 2026-09-25T22:54:33.199308415Z 2026-09-25 22:54:33,198 INFO [processador] ESTATISTICA processador=03ebfdfe1e89 partições=[2, 3, 5] processadas=363 (36.0 msg/s) alertas=8 duplicadas=0 por_particao={2: 150, 3: 121, 5: 92}
processador-2  | 2026-09-25T22:54:34.989410109Z 2026-09-25 22:54:34,989 WARNING [processador] ALERTA maquina=producao-fd72ee-m3 setor=producao temperatura_c=98.35 > limite 85.00 (partição=2 offset=2261)
processador-2  | 2026-09-25T22:54:36.989662881Z 2026-09-25 22:54:36,989 WARNING [processador] ALERTA maquina=producao-fd72ee-m8 setor=producao vibracao_mm_s=9.98 > limite 7.10 (partição=2 offset=2275)
processador-2  | 2026-09-25T22:54:41.942177853Z 2026-09-25 22:54:41,941 WARNING [processador] ALERTA maquina=empacotamento-b5c981-m6 setor=empacotamento energia_kw=51.17 > limite 45.00 (partição=3 offset=1585)
processador-2  | 2026-09-25T22:54:43.940190617Z 2026-09-25 22:54:43,939 INFO [processador] ESTATISTICA processador=03ebfdfe1e89 partições=[2, 3, 5] processadas=134 (12.5 msg/s) alertas=3 duplicadas=0 por_particao={2: 61, 3: 42, 5: 31}
processador-2  | 2026-09-25T22:54:46.091539374Z 2026-09-25 22:54:46,091 WARNING [processador] ALERTA maquina=refrigeracao-4594d7-m7 setor=refrigeracao vibracao_mm_s=9.28 > limite 7.10 (partição=3 offset=1603)
processador-2  | 2026-09-25T22:54:46.994529782Z 2026-09-25 22:54:46,994 WARNING [processador] ALERTA maquina=producao-fd72ee-m7 setor=producao vibracao_mm_s=11.90 > limite 7.10 (partição=5 offset=1205)
processador-2  | 2026-09-25T22:54:50.091104723Z 2026-09-25 22:54:50,090 WARNING [processador] ALERTA maquina=refrigeracao-4594d7-m7 setor=refrigeracao vibracao_mm_s=10.55 > limite 7.10 (partição=3 offset=1619)
processador-2  | 2026-09-25T22:54:52.094559807Z 2026-09-25 22:54:52,094 WARNING [processador] ALERTA maquina=refrigeracao-4594d7-m7 setor=refrigeracao vibracao_mm_s=11.69 > limite 7.10 (partição=3 offset=1627)
processador-2  | 2026-09-25T22:54:53.939805326Z 2026-09-25 22:54:53,939 INFO [processador] ESTATISTICA processador=03ebfdfe1e89 partições=[2, 3, 5] processadas=130 (13.0 msg/s) alertas=4 duplicadas=0 por_particao={2: 61, 3: 39, 5: 30}
processador-2  | 2026-09-25T22:54:56.995598784Z 2026-09-25 22:54:56,995 WARNING [processador] ALERTA maquina=producao-fd72ee-m1 setor=producao vibracao_mm_s=9.51 > limite 7.10 (partição=5 offset=1233)
processador-2  | 2026-09-25T22:54:57.938953432Z 2026-09-25 22:54:57,938 WARNING [processador] ALERTA maquina=empacotamento-b5c981-m8 setor=empacotamento vibracao_mm_s=9.31 > limite 7.10 (partição=2 offset=2398)
processador-2  | 2026-09-25T22:55:00.940255833Z 2026-09-25 22:55:00,939 INFO [processador] REBALANCO processador=03ebfdfe1e89 partições revogadas: [2] -> responsável por [3, 5]
processador-2  | 2026-09-25T22:55:00.947812739Z 2026-09-25 22:55:00,947 INFO [processador] REBALANCO processador=03ebfdfe1e89 partições atribuidas: [] -> responsável por [3, 5]
processador-2  | 2026-09-25T22:55:03.942175280Z 2026-09-25 22:55:03,941 INFO [processador] REBALANCO processador=03ebfdfe1e89 partições atribuidas: [] -> responsável por [3, 5]
processador-2  | 2026-09-25T22:55:03.991829345Z 2026-09-25 22:55:03,991 INFO [processador] ESTATISTICA processador=03ebfdfe1e89 partições=[3, 5] processadas=114 (11.3 msg/s) alertas=2 duplicadas=0 por_particao={2: 41, 3: 42, 5: 31}
processador-2  | 2026-09-25T22:55:13.995148650Z 2026-09-25 22:55:13,994 WARNING [processador] ALERTA maquina=producao-fd72ee-m1 setor=producao vibracao_mm_s=11.13 > limite 7.10 (partição=5 offset=1284)
processador-2  | 2026-09-25T22:55:13.995175832Z 2026-09-25 22:55:13,995 INFO [processador] ESTATISTICA processador=03ebfdfe1e89 partições=[3, 5] processadas=70 (7.0 msg/s) alertas=1 duplicadas=0 por_particao={3: 40, 5: 30}
processador-2  | 2026-09-25T22:55:24.090292838Z 2026-09-25 22:55:24,090 INFO [processador] ESTATISTICA processador=03ebfdfe1e89 partições=[3, 5] processadas=73 (7.2 msg/s) alertas=0 duplicadas=0 por_particao={3: 41, 5: 32}
processador-2  | 2026-09-25T22:55:24.940489170Z 2026-09-25 22:55:24,939 WARNING [processador] ALERTA maquina=empacotamento-b5c981-m3 setor=empacotamento temperatura_c=92.99 > limite 85.00 (partição=3 offset=1756)
processador-2  | 2026-09-25T22:55:24.940513536Z 2026-09-25 22:55:24,940 WARNING [processador] ALERTA maquina=empacotamento-b5c981-m6 setor=empacotamento temperatura_c=93.23 > limite 85.00 (partição=3 offset=1757)
processador-2  | 2026-09-25T22:55:24.993254773Z 2026-09-25 22:55:24,993 WARNING [processador] ALERTA maquina=producao-fd72ee-m7 setor=producao energia_kw=49.36 > limite 45.00 (partição=5 offset=1319)
processador-2  | 2026-09-25T22:55:34.092961824Z 2026-09-25 22:55:34,092 INFO [processador] ESTATISTICA processador=03ebfdfe1e89 partições=[3, 5] processadas=70 (7.0 msg/s) alertas=3 duplicadas=0 por_particao={3: 40, 5: 30}
processador-2  | 2026-09-25T22:55:41.993469583Z 2026-09-25 22:55:41,993 WARNING [processador] ALERTA maquina=producao-fd72ee-m1 setor=producao vibracao_mm_s=11.93 > limite 7.10 (partição=5 offset=1368)
processador-2  | 2026-09-25T22:55:44.941543767Z 2026-09-25 22:55:44,940 INFO [processador] ESTATISTICA processador=03ebfdfe1e89 partições=[3, 5] processadas=72 (6.6 msg/s) alertas=1 duplicadas=0 por_particao={3: 42, 5: 30}
processador-2  | 2026-09-25T22:55:54.946966631Z 2026-09-25 22:55:54,946 INFO [processador] ESTATISTICA processador=03ebfdfe1e89 partições=[3, 5] processadas=70 (7.0 msg/s) alertas=0 duplicadas=0 por_particao={3: 40, 5: 30}
processador-2  | 2026-09-25T22:55:55.991936707Z 2026-09-25 22:55:55,991 WARNING [processador] ALERTA maquina=producao-fd72ee-m7 setor=producao temperatura_c=93.21 > limite 85.00 (partição=5 offset=1412)
processador-2  | 2026-09-25T22:55:58.946386264Z 2026-09-25 22:55:58,946 WARNING [processador] ALERTA maquina=empacotamento-b5c981-m3 setor=empacotamento energia_kw=49.00 > limite 45.00 (partição=3 offset=1892)
processador-2  | 2026-09-25T22:56:04.993172533Z 2026-09-25 22:56:04,992 INFO [processador] ESTATISTICA processador=03ebfdfe1e89 partições=[3, 5] processadas=72 (7.2 msg/s) alertas=2 duplicadas=0 por_particao={3: 41, 5: 31}
processador-2  | 2026-09-25T22:56:07.992268918Z 2026-09-25 22:56:07,991 WARNING [processador] ALERTA maquina=producao-fd72ee-m6 setor=producao temperatura_c=106.68 > limite 85.00 (partição=5 offset=1447)
processador-2  | 2026-09-25T22:56:14.993750255Z 2026-09-25 22:56:14,993 INFO [processador] ESTATISTICA processador=03ebfdfe1e89 partições=[3, 5] processadas=70 (7.0 msg/s) alertas=1 duplicadas=0 por_particao={3: 40, 5: 30}
processador-2  | 2026-09-25T22:56:17.094873814Z 2026-09-25 22:56:17,094 WARNING [processador] ALERTA maquina=refrigeracao-4594d7-m7 setor=refrigeracao temperatura_c=111.83 > limite 85.00 (partição=3 offset=1967)
processador-2  | 2026-09-25T22:56:24.998586932Z 2026-09-25 22:56:24,998 INFO [processador] ESTATISTICA processador=03ebfdfe1e89 partições=[3, 5] processadas=70 (7.0 msg/s) alertas=1 duplicadas=0 por_particao={3: 40, 5: 30}
processador-1  | 2026-09-25T22:48:55.901189902Z 2026-09-25 22:48:55,900 INFO [processador] processador 3b4721499e1b entrou no grupo; limites={'temperatura_c': 85.0, 'vibracao_mm_s': 7.1, 'energia_kw': 45.0}
processador-1  | 2026-09-25T22:49:02.485733601Z 2026-09-25 22:49:02,485 INFO [processador] REBALANCO processador=3b4721499e1b partições atribuidas: [] -> responsável por []
processador-1  | 2026-09-25T22:49:05.509413578Z 2026-09-25 22:49:05,509 INFO [processador] REBALANCO processador=3b4721499e1b partições atribuidas: [0, 2] -> responsável por [0, 2]
processador-1  | 2026-09-25T22:49:05.928768533Z 2026-09-25 22:49:05,928 INFO [processador] ESTATISTICA processador=3b4721499e1b partições=[0, 2] processadas=31 (3.1 msg/s) alertas=0 duplicadas=0 por_particao={0: 13, 2: 18}
processador-1  | 2026-09-25T22:49:07.991489489Z 2026-09-25 22:49:07,991 WARNING [processador] ALERTA maquina=producao-fd72ee-m2 setor=producao vibracao_mm_s=8.83 > limite 7.10 (partição=0 offset=49)
processador-1  | 2026-09-25T22:49:12.065090857Z 2026-09-25 22:49:12,064 WARNING [processador] ALERTA maquina=refrigeracao-4594d7-m8 setor=refrigeracao vibracao_mm_s=9.97 > limite 7.10 (partição=2 offset=101)
processador-1  | 2026-09-25T22:49:15.987637194Z 2026-09-25 22:49:15,987 INFO [processador] ESTATISTICA processador=3b4721499e1b partições=[0, 2] processadas=103 (10.2 msg/s) alertas=2 duplicadas=0 por_particao={0: 41, 2: 62}
processador-1  | 2026-09-25T22:49:18.062926115Z 2026-09-25 22:49:18,062 WARNING [processador] ALERTA maquina=refrigeracao-4594d7-m2 setor=refrigeracao vibracao_mm_s=10.78 > limite 7.10 (partição=0 offset=90)
processador-1  | 2026-09-25T22:49:26.068589863Z 2026-09-25 22:49:26,067 INFO [processador] ESTATISTICA processador=3b4721499e1b partições=[0, 2] processadas=104 (10.3 msg/s) alertas=1 duplicadas=0 por_particao={0: 41, 2: 63}
processador-1  | 2026-09-25T22:49:28.065332096Z 2026-09-25 22:49:28,064 WARNING [processador] ALERTA maquina=refrigeracao-4594d7-m8 setor=refrigeracao vibracao_mm_s=10.13 > limite 7.10 (partição=2 offset=197)
processador-1  | 2026-09-25T22:49:31.062971513Z 2026-09-25 22:49:31,062 WARNING [processador] ALERTA maquina=refrigeracao-4594d7-m5 setor=refrigeracao temperatura_c=106.55 > limite 85.00 (partição=0 offset=143)
processador-1  | 2026-09-25T22:49:31.996165963Z 2026-09-25 22:49:31,995 WARNING [processador] ALERTA maquina=producao-fd72ee-m2 setor=producao energia_kw=62.37 > limite 45.00 (partição=0 offset=145)
processador-1  | 2026-09-25T22:49:34.986447045Z 2026-09-25 22:49:34,986 WARNING [processador] ALERTA maquina=producao-fd72ee-m4 setor=producao vibracao_mm_s=8.94 > limite 7.10 (partição=2 offset=237)
processador-1  | 2026-09-25T22:49:36.926477598Z 2026-09-25 22:49:36,926 INFO [processador] ESTATISTICA processador=3b4721499e1b partições=[0, 2] processadas=103 (9.5 msg/s) alertas=4 duplicadas=0 por_particao={0: 42, 2: 61}
processador-1  | 2026-09-25T22:49:41.987684901Z 2026-09-25 22:49:41,987 WARNING [processador] ALERTA maquina=producao-fd72ee-m4 setor=producao energia_kw=58.06 > limite 45.00 (partição=2 offset=279)
processador-1  | 2026-09-25T22:49:43.929470313Z 2026-09-25 22:49:43,929 WARNING [processador] ALERTA maquina=empacotamento-b5c981-m8 setor=empacotamento temperatura_c=92.48 > limite 85.00 (partição=2 offset=289)
processador-1  | 2026-09-25T22:49:46.927316132Z 2026-09-25 22:49:46,926 INFO [processador] ESTATISTICA processador=3b4721499e1b partições=[0, 2] processadas=100 (10.0 msg/s) alertas=2 duplicadas=0 por_particao={0: 40, 2: 60}
processador-1  | 2026-09-25T22:49:47.063719935Z 2026-09-25 22:49:47,063 WARNING [processador] ALERTA maquina=refrigeracao-4594d7-m8 setor=refrigeracao temperatura_c=110.90 > limite 85.00 (partição=2 offset=311)
processador-1  | 2026-09-25T22:49:48.061908769Z 2026-09-25 22:49:48,061 WARNING [processador] ALERTA maquina=refrigeracao-4594d7-m8 setor=refrigeracao vibracao_mm_s=10.41 > limite 7.10 (partição=2 offset=317)
processador-1  | 2026-09-25T22:49:55.926722506Z 2026-09-25 22:49:55,926 WARNING [processador] ALERTA maquina=empacotamento-b5c981-m7 setor=empacotamento energia_kw=49.90 > limite 45.00 (partição=0 offset=240)
processador-1  | 2026-09-25T22:49:56.928136654Z 2026-09-25 22:49:56,927 INFO [processador] ESTATISTICA processador=3b4721499e1b partições=[0, 2] processadas=100 (10.0 msg/s) alertas=3 duplicadas=0 por_particao={0: 39, 2: 61}
processador-1  | 2026-09-25T22:49:57.928713302Z 2026-09-25 22:49:57,928 WARNING [processador] ALERTA maquina=empacotamento-b5c981-m7 setor=empacotamento temperatura_c=92.89 > limite 85.00 (partição=0 offset=248)
processador-1  | 2026-09-25T22:49:57.985017946Z 2026-09-25 22:49:57,984 WARNING [processador] ALERTA maquina=producao-fd72ee-m8 setor=producao temperatura_c=103.66 > limite 85.00 (partição=2 offset=376)
processador-1  | 2026-09-25T22:50:04.068427866Z 2026-09-25 22:50:04,068 WARNING [processador] ALERTA maquina=refrigeracao-4594d7-m2 setor=refrigeracao vibracao_mm_s=10.03 > limite 7.10 (partição=0 offset=274)
processador-1  | 2026-09-25T22:50:06.063173902Z 2026-09-25 22:50:06,062 WARNING [processador] ALERTA maquina=refrigeracao-4594d7-m2 setor=refrigeracao energia_kw=57.50 > limite 45.00 (partição=0 offset=282)
processador-1  | 2026-09-25T22:50:06.930188019Z 2026-09-25 22:50:06,929 INFO [processador] ESTATISTICA processador=3b4721499e1b partições=[0, 2] processadas=101 (10.1 msg/s) alertas=4 duplicadas=0 por_particao={0: 41, 2: 60}
processador-1  | 2026-09-25T22:50:07.063178199Z 2026-09-25 22:50:07,062 WARNING [processador] ALERTA maquina=refrigeracao-4594d7-m8 setor=refrigeracao temperatura_c=113.07 > limite 85.00 (partição=2 offset=431)
processador-1  | 2026-09-25T22:50:07.907027334Z %6|1790376607.906|FAIL|3b4721499e1b#consumer-1| [thrd:kafka-2:9092/bootstrap]: kafka-2:9092/2: Disconnected (after 70932ms in state UP)
processador-1  | 2026-09-25T22:50:07.907441328Z %3|1790376607.907|FAIL|3b4721499e1b#consumer-1| [thrd:kafka-2:9092/bootstrap]: kafka-2:9092/2: Connect to ipv4#172.18.0.2:9092 failed: Connection refused (after 0ms in state CONNECT)
processador-1  | 2026-09-25T22:50:13.063631337Z 2026-09-25 22:50:13,063 WARNING [processador] ALERTA maquina=refrigeracao-4594d7-m8 setor=refrigeracao vibracao_mm_s=11.22 > limite 7.10 (partição=2 offset=467)
processador-1  | 2026-09-25T22:50:13.098710551Z 2026-09-25 22:50:13,098 WARNING [processador] ALERTA maquina=producao-fd72ee-m2 setor=producao vibracao_mm_s=11.67 > limite 7.10 (partição=0 offset=307)
processador-1  | 2026-09-25T22:50:16.931729539Z 2026-09-25 22:50:16,931 INFO [processador] ESTATISTICA processador=3b4721499e1b partições=[0, 2] processadas=101 (10.1 msg/s) alertas=3 duplicadas=0 por_particao={0: 40, 2: 61}
processador-1  | 2026-09-25T22:50:22.068829165Z 2026-09-25 22:50:22,068 WARNING [processador] ALERTA maquina=refrigeracao-4594d7-m2 setor=refrigeracao temperatura_c=103.59 > limite 85.00 (partição=0 offset=346)
processador-1  | 2026-09-25T22:50:24.985829584Z 2026-09-25 22:50:24,985 WARNING [processador] ALERTA maquina=producao-fd72ee-m8 setor=producao vibracao_mm_s=11.65 > limite 7.10 (partição=2 offset=538)
processador-1  | 2026-09-25T22:50:26.983598067Z 2026-09-25 22:50:26,983 INFO [processador] ESTATISTICA processador=3b4721499e1b partições=[0, 2] processadas=101 (10.0 msg/s) alertas=2 duplicadas=0 por_particao={0: 41, 2: 60}
processador-1  | 2026-09-25T22:50:29.932043767Z 2026-09-25 22:50:29,931 WARNING [processador] ALERTA maquina=empacotamento-b5c981-m1 setor=empacotamento temperatura_c=86.69 > limite 85.00 (partição=2 offset=564)
processador-1  | 2026-09-25T22:50:35.930743588Z 2026-09-25 22:50:35,930 WARNING [processador] ALERTA maquina=empacotamento-b5c981-m8 setor=empacotamento energia_kw=48.81 > limite 45.00 (partição=2 offset=601)
processador-1  | 2026-09-25T22:50:36.988589872Z 2026-09-25 22:50:36,988 INFO [processador] ESTATISTICA processador=3b4721499e1b partições=[0, 2] processadas=100 (10.0 msg/s) alertas=2 duplicadas=0 por_particao={0: 39, 2: 61}
processador-1  | 2026-09-25T22:50:39.015512207Z %4|1790376639.015|FAIL|3b4721499e1b#consumer-1| [thrd:kafka-2:9092/bootstrap]: kafka-2:9092/2: Connection setup timed out in state CONNECT (after 30880ms in state CONNECT)
processador-1  | 2026-09-25T22:50:39.063702497Z 2026-09-25 22:50:39,063 WARNING [processador] ALERTA maquina=refrigeracao-4594d7-m5 setor=refrigeracao vibracao_mm_s=12.17 > limite 7.10 (partição=0 offset=415)
processador-1  | 2026-09-25T22:50:39.063989417Z 2026-09-25 22:50:39,063 WARNING [processador] ALERTA maquina=refrigeracao-4594d7-m8 setor=refrigeracao temperatura_c=101.30 > limite 85.00 (partição=2 offset=623)
processador-1  | 2026-09-25T22:50:39.928719450Z 2026-09-25 22:50:39,927 WARNING [processador] ALERTA maquina=empacotamento-b5c981-m1 setor=empacotamento vibracao_mm_s=8.28 > limite 7.10 (partição=2 offset=624)
processador-1  | 2026-09-25T22:50:40.070545089Z 2026-09-25 22:50:40,070 WARNING [processador] ALERTA maquina=refrigeracao-4594d7-m5 setor=refrigeracao temperatura_c=95.29 > limite 85.00 (partição=0 offset=419)
processador-1  | 2026-09-25T22:50:47.067476615Z 2026-09-25 22:50:47,066 INFO [processador] ESTATISTICA processador=3b4721499e1b partições=[0, 2] processadas=104 (10.3 msg/s) alertas=4 duplicadas=0 por_particao={0: 41, 2: 63}
processador-1  | 2026-09-25T22:50:49.984432125Z 2026-09-25 22:50:49,984 WARNING [processador] ALERTA maquina=producao-fd72ee-m2 setor=producao temperatura_c=105.41 > limite 85.00 (partição=0 offset=457)
processador-1  | 2026-09-25T22:50:50.984942606Z 2026-09-25 22:50:50,984 WARNING [processador] ALERTA maquina=producao-fd72ee-m4 setor=producao temperatura_c=106.77 > limite 85.00 (partição=2 offset=693)
processador-1  | 2026-09-25T22:50:54.989244831Z 2026-09-25 22:50:54,988 WARNING [processador] ALERTA maquina=producao-fd72ee-m4 setor=producao temperatura_c=92.92 > limite 85.00 (partição=2 offset=717)
processador-1  | 2026-09-25T22:50:56.074931057Z 2026-09-25 22:50:56,074 WARNING [processador] ALERTA maquina=refrigeracao-4594d7-m5 setor=refrigeracao energia_kw=59.07 > limite 45.00 (partição=0 offset=483)
processador-1  | 2026-09-25T22:50:57.069663728Z 2026-09-25 22:50:57,069 WARNING [processador] ALERTA maquina=refrigeracao-4594d7-m8 setor=refrigeracao temperatura_c=110.11 > limite 85.00 (partição=2 offset=731)
processador-1  | 2026-09-25T22:50:57.069682928Z 2026-09-25 22:50:57,069 INFO [processador] ESTATISTICA processador=3b4721499e1b partições=[0, 2] processadas=100 (10.0 msg/s) alertas=5 duplicadas=0 por_particao={0: 40, 2: 60}
processador-1  | 2026-09-25T22:50:58.076866766Z 2026-09-25 22:50:58,076 WARNING [processador] ALERTA maquina=refrigeracao-4594d7-m5 setor=refrigeracao vibracao_mm_s=11.45 > limite 7.10 (partição=0 offset=491)
processador-1  | 2026-09-25T22:51:01.065850092Z 2026-09-25 22:51:01,065 WARNING [processador] ALERTA maquina=refrigeracao-4594d7-m5 setor=refrigeracao energia_kw=64.67 > limite 45.00 (partição=0 offset=503)
processador-1  | 2026-09-25T22:51:07.928007468Z 2026-09-25 22:51:07,927 INFO [processador] ESTATISTICA processador=3b4721499e1b partições=[0, 2] processadas=103 (9.5 msg/s) alertas=2 duplicadas=0 por_particao={0: 43, 2: 60}
processador-1  | 2026-09-25T22:51:11.987741977Z 2026-09-25 22:51:11,987 WARNING [processador] ALERTA maquina=producao-fd72ee-m2 setor=producao vibracao_mm_s=9.60 > limite 7.10 (partição=0 offset=545)
processador-1  | 2026-09-25T22:51:15.067055273Z 2026-09-25 22:51:15,066 WARNING [processador] ALERTA maquina=refrigeracao-4594d7-m5 setor=refrigeracao energia_kw=62.94 > limite 45.00 (partição=0 offset=559)
processador-1  | 2026-09-25T22:51:17.928608909Z 2026-09-25 22:51:17,928 INFO [processador] ESTATISTICA processador=3b4721499e1b partições=[0, 2] processadas=100 (10.0 msg/s) alertas=2 duplicadas=0 por_particao={0: 39, 2: 61}
processador-1  | 2026-09-25T22:51:19.016405041Z %6|1790376679.012|FAIL|3b4721499e1b#consumer-1| [thrd:kafka-1:9092/bootstrap]: kafka-1:9092/1: Disconnected (after 133496ms in state UP)
processador-1  | 2026-09-25T22:51:19.016415040Z %3|1790376679.014|FAIL|3b4721499e1b#consumer-1| [thrd:kafka-1:9092/bootstrap]: kafka-1:9092/1: Connect to ipv4#172.18.0.4:9092 failed: Connection refused (after 2ms in state CONNECT)
processador-1  | 2026-09-25T22:51:26.297807079Z 2026-09-25 22:51:26,297 WARNING [processador] ALERTA maquina=refrigeracao-4594d7-m2 setor=refrigeracao energia_kw=63.29 > limite 45.00 (partição=0 offset=587)
processador-1  | 2026-09-25T22:51:27.928731425Z 2026-09-25 22:51:27,928 INFO [processador] ESTATISTICA processador=3b4721499e1b partições=[0, 2] processadas=51 (5.1 msg/s) alertas=1 duplicadas=0 por_particao={0: 41, 2: 10}
processador-1  | 2026-09-25T22:51:28.077587947Z 2026-09-25 22:51:28,077 WARNING [processador] ALERTA maquina=producao-fd72ee-m8 setor=producao vibracao_mm_s=11.17 > limite 7.10 (partição=2 offset=894)
processador-1  | 2026-09-25T22:51:28.077608759Z 2026-09-25 22:51:28,077 WARNING [processador] ALERTA maquina=refrigeracao-4594d7-m8 setor=refrigeracao energia_kw=62.30 > limite 45.00 (partição=2 offset=904)
processador-1  | 2026-09-25T22:51:30.068648235Z 2026-09-25 22:51:30,068 WARNING [processador] ALERTA maquina=refrigeracao-4594d7-m2 setor=refrigeracao temperatura_c=100.39 > limite 85.00 (partição=0 offset=618)
processador-1  | 2026-09-25T22:51:30.935676765Z 2026-09-25 22:51:30,935 WARNING [processador] ALERTA maquina=empacotamento-b5c981-m8 setor=empacotamento temperatura_c=86.28 > limite 85.00 (partição=2 offset=931)
processador-1  | 2026-09-25T22:51:36.988584390Z 2026-09-25 22:51:36,988 WARNING [processador] ALERTA maquina=producao-fd72ee-m2 setor=producao energia_kw=50.56 > limite 45.00 (partição=0 offset=645)
processador-1  | 2026-09-25T22:51:37.937732113Z 2026-09-25 22:51:37,936 INFO [processador] ESTATISTICA processador=3b4721499e1b partições=[0, 2] processadas=149 (14.9 msg/s) alertas=5 duplicadas=0 por_particao={0: 39, 2: 110}
processador-1  | 2026-09-25T22:51:43.069947320Z 2026-09-25 22:51:43,069 WARNING [processador] ALERTA maquina=refrigeracao-4594d7-m5 setor=refrigeracao vibracao_mm_s=12.20 > limite 7.10 (partição=0 offset=671)
processador-1  | 2026-09-25T22:51:47.943065431Z 2026-09-25 22:51:47,942 INFO [processador] ESTATISTICA processador=3b4721499e1b partições=[0, 2] processadas=102 (10.2 msg/s) alertas=1 duplicadas=0 por_particao={0: 41, 2: 61}
processador-1  | 2026-09-25T22:51:50.095520817Z %4|1790376710.095|FAIL|3b4721499e1b#consumer-1| [thrd:kafka-1:9092/bootstrap]: kafka-1:9092/1: Connection setup timed out in state CONNECT (after 30809ms in state CONNECT)
processador-1  | 2026-09-25T22:51:57.985891205Z 2026-09-25 22:51:57,985 INFO [processador] ESTATISTICA processador=3b4721499e1b partições=[0, 2] processadas=101 (10.1 msg/s) alertas=0 duplicadas=0 por_particao={0: 40, 2: 61}
processador-1  | 2026-09-25T22:51:59.988514356Z 2026-09-25 22:51:59,988 WARNING [processador] ALERTA maquina=producao-fd72ee-m4 setor=producao temperatura_c=103.11 > limite 85.00 (partição=2 offset=1107)
processador-1  | 2026-09-25T22:52:00.985676545Z 2026-09-25 22:52:00,985 WARNING [processador] ALERTA maquina=producao-fd72ee-m2 setor=producao temperatura_c=102.15 > limite 85.00 (partição=0 offset=741)
processador-1  | 2026-09-25T22:52:01.072536768Z 2026-09-25 22:52:01,072 WARNING [processador] ALERTA maquina=refrigeracao-4594d7-m2 setor=refrigeracao energia_kw=61.04 > limite 45.00 (partição=0 offset=742)
processador-1  | 2026-09-25T22:52:04.985739198Z 2026-09-25 22:52:04,985 WARNING [processador] ALERTA maquina=producao-fd72ee-m4 setor=producao vibracao_mm_s=9.70 > limite 7.10 (partição=2 offset=1137)
processador-1  | 2026-09-25T22:52:07.988317441Z 2026-09-25 22:52:07,988 INFO [processador] ESTATISTICA processador=3b4721499e1b partições=[0, 2] processadas=101 (10.1 msg/s) alertas=4 duplicadas=0 por_particao={0: 41, 2: 60}
processador-1  | 2026-09-25T22:52:09.932308954Z 2026-09-25 22:52:09,931 WARNING [processador] ALERTA maquina=empacotamento-b5c981-m1 setor=empacotamento temperatura_c=95.46 > limite 85.00 (partição=2 offset=1164)
processador-1  | 2026-09-25T22:52:09.986572933Z 2026-09-25 22:52:09,986 WARNING [processador] ALERTA maquina=producao-fd72ee-m2 setor=producao temperatura_c=97.87 > limite 85.00 (partição=0 offset=777)
processador-1  | 2026-09-25T22:52:13.080009906Z 2026-09-25 22:52:13,079 WARNING [processador] ALERTA maquina=refrigeracao-4594d7-m8 setor=refrigeracao energia_kw=57.70 > limite 45.00 (partição=2 offset=1187)
processador-1  | 2026-09-25T22:52:13.086187676Z 2026-09-25 22:52:13,085 WARNING [processador] ALERTA maquina=refrigeracao-4594d7-m5 setor=refrigeracao energia_kw=63.89 > limite 45.00 (partição=0 offset=791)
processador-1  | 2026-09-25T22:52:17.987167460Z 2026-09-25 22:52:17,986 WARNING [processador] ALERTA maquina=producao-fd72ee-m8 setor=producao vibracao_mm_s=10.88 > limite 7.10 (partição=2 offset=1216)
processador-1  | 2026-09-25T22:52:17.989727518Z 2026-09-25 22:52:17,989 INFO [processador] ESTATISTICA processador=3b4721499e1b partições=[0, 2] processadas=102 (10.2 msg/s) alertas=5 duplicadas=0 por_particao={0: 40, 2: 62}
processador-1  | 2026-09-25T22:52:22.936051664Z 2026-09-25 22:52:22,935 WARNING [processador] ALERTA maquina=empacotamento-b5c981-m1 setor=empacotamento temperatura_c=95.66 > limite 85.00 (partição=2 offset=1242)
processador-1  | 2026-09-25T22:52:22.990239645Z 2026-09-25 22:52:22,989 WARNING [processador] ALERTA maquina=producao-fd72ee-m8 setor=producao vibracao_mm_s=9.79 > limite 7.10 (partição=2 offset=1246)
processador-1  | 2026-09-25T22:52:28.084239933Z 2026-09-25 22:52:28,083 INFO [processador] ESTATISTICA processador=3b4721499e1b partições=[0, 2] processadas=101 (10.0 msg/s) alertas=2 duplicadas=0 por_particao={0: 41, 2: 60}
processador-1  | 2026-09-25T22:52:28.987051455Z 2026-09-25 22:52:28,986 WARNING [processador] ALERTA maquina=producao-fd72ee-m2 setor=producao energia_kw=55.85 > limite 45.00 (partição=0 offset=853)
processador-1  | 2026-09-25T22:52:30.088334553Z 2026-09-25 22:52:30,088 WARNING [processador] ALERTA maquina=refrigeracao-4594d7-m5 setor=refrigeracao vibracao_mm_s=10.10 > limite 7.10 (partição=0 offset=859)
processador-1  | 2026-09-25T22:52:31.085397964Z 2026-09-25 22:52:31,085 WARNING [processador] ALERTA maquina=refrigeracao-4594d7-m8 setor=refrigeracao vibracao_mm_s=9.67 > limite 7.10 (partição=2 offset=1295)
processador-1  | 2026-09-25T22:52:31.989106721Z 2026-09-25 22:52:31,988 WARNING [processador] ALERTA maquina=producao-fd72ee-m8 setor=producao vibracao_mm_s=9.28 > limite 7.10 (partição=2 offset=1300)
processador-1  | 2026-09-25T22:52:57.274223633Z 2026-09-25 22:52:57,273 INFO [processador] processador 3b4721499e1b entrou no grupo; limites={'temperatura_c': 85.0, 'vibracao_mm_s': 7.1, 'energia_kw': 45.0}
processador-1  | 2026-09-25T22:52:59.772960112Z 2026-09-25 22:52:59,771 INFO [processador] REBALANCO processador=3b4721499e1b partições atribuidas: [1] -> responsável por [1]
processador-1  | 2026-09-25T22:53:01.936206924Z 2026-09-25 22:53:01,935 WARNING [processador] ALERTA maquina=empacotamento-b5c981-m2 setor=empacotamento temperatura_c=86.53 > limite 85.00 (partição=1 offset=738)
processador-1  | 2026-09-25T22:53:02.785170461Z 2026-09-25 22:53:02,784 INFO [processador] REBALANCO processador=3b4721499e1b partições atribuidas: [] -> responsável por [1]
processador-1  | 2026-09-25T22:53:07.938982925Z 2026-09-25 22:53:07,938 INFO [processador] ESTATISTICA processador=3b4721499e1b partições=[1] processadas=34 (3.2 msg/s) alertas=1 duplicadas=0 por_particao={1: 34}
processador-1  | 2026-09-25T22:53:15.936557948Z 2026-09-25 22:53:15,936 WARNING [processador] ALERTA maquina=empacotamento-b5c981-m2 setor=empacotamento vibracao_mm_s=8.81 > limite 7.10 (partição=1 offset=780)
processador-1  | 2026-09-25T22:53:18.090256450Z 2026-09-25 22:53:18,090 INFO [processador] ESTATISTICA processador=3b4721499e1b partições=[1] processadas=31 (3.1 msg/s) alertas=1 duplicadas=0 por_particao={1: 31}
processador-1  | 2026-09-25T22:53:19.087661041Z 2026-09-25 22:53:19,087 WARNING [processador] ALERTA maquina=refrigeracao-4594d7-m6 setor=refrigeracao energia_kw=65.19 > limite 45.00 (partição=1 offset=791)
processador-1  | 2026-09-25T22:53:20.088531913Z 2026-09-25 22:53:20,088 WARNING [processador] ALERTA maquina=refrigeracao-4594d7-m4 setor=refrigeracao energia_kw=53.53 > limite 45.00 (partição=1 offset=793)
processador-1  | 2026-09-25T22:53:23.840410643Z 2026-09-25 22:53:23,840 INFO [processador] REBALANCO processador=3b4721499e1b partições atribuidas: [] -> responsável por [1]
processador-1  | 2026-09-25T22:53:28.940650706Z 2026-09-25 22:53:28,940 INFO [processador] ESTATISTICA processador=3b4721499e1b partições=[1] processadas=32 (2.9 msg/s) alertas=2 duplicadas=0 por_particao={1: 32}
processador-1  | 2026-09-25T22:53:31.088801204Z 2026-09-25 22:53:31,088 WARNING [processador] ALERTA maquina=refrigeracao-4594d7-m6 setor=refrigeracao energia_kw=61.88 > limite 45.00 (partição=1 offset=827)
processador-1  | 2026-09-25T22:53:36.086969860Z 2026-09-25 22:53:36,086 WARNING [processador] ALERTA maquina=refrigeracao-4594d7-m4 setor=refrigeracao temperatura_c=102.30 > limite 85.00 (partição=1 offset=841)
processador-1  | 2026-09-25T22:53:38.943513428Z 2026-09-25 22:53:38,943 INFO [processador] ESTATISTICA processador=3b4721499e1b partições=[1] processadas=30 (3.0 msg/s) alertas=2 duplicadas=0 por_particao={1: 30}
processador-1  | 2026-09-25T22:53:49.087856465Z 2026-09-25 22:53:49,087 INFO [processador] ESTATISTICA processador=3b4721499e1b partições=[1] processadas=31 (3.1 msg/s) alertas=0 duplicadas=0 por_particao={1: 31}
processador-1  | 2026-09-25T22:53:49.939471138Z 2026-09-25 22:53:49,939 WARNING [processador] ALERTA maquina=empacotamento-b5c981-m2 setor=empacotamento vibracao_mm_s=9.58 > limite 7.10 (partição=1 offset=882)
processador-1  | 2026-09-25T22:53:51.860678400Z 2026-09-25 22:53:51,860 INFO [processador] REBALANCO processador=3b4721499e1b partições atribuidas: [0, 4] -> responsável por [0, 1, 4]
processador-1  | 2026-09-25T22:53:51.866160042Z 2026-09-25 22:53:51,865 WARNING [processador] ALERTA maquina=producao-fd72ee-m5 setor=producao temperatura_c=97.27 > limite 85.00 (partição=4 offset=1154)
processador-1  | 2026-09-25T22:53:51.866907563Z 2026-09-25 22:53:51,866 WARNING [processador] ALERTA maquina=producao-fd72ee-m5 setor=producao temperatura_c=110.39 > limite 85.00 (partição=4 offset=1158)
processador-1  | 2026-09-25T22:53:53.939873027Z 2026-09-25 22:53:53,939 WARNING [processador] ALERTA maquina=empacotamento-b5c981-m5 setor=empacotamento vibracao_mm_s=9.89 > limite 7.10 (partição=4 offset=1193)
processador-1  | 2026-09-25T22:53:53.999241664Z 2026-09-25 22:53:53,999 WARNING [processador] ALERTA maquina=producao-fd72ee-m5 setor=producao temperatura_c=94.22 > limite 85.00 (partição=4 offset=1194)
processador-1  | 2026-09-25T22:53:55.988433769Z 2026-09-25 22:53:55,988 WARNING [processador] ALERTA maquina=producao-fd72ee-m2 setor=producao energia_kw=51.78 > limite 45.00 (partição=0 offset=1201)
processador-1  | 2026-09-25T22:53:56.086898582Z 2026-09-25 22:53:56,086 WARNING [processador] ALERTA maquina=refrigeracao-4594d7-m6 setor=refrigeracao vibracao_mm_s=12.17 > limite 7.10 (partição=1 offset=902)
processador-1  | 2026-09-25T22:53:58.937482984Z 2026-09-25 22:53:58,937 WARNING [processador] ALERTA maquina=empacotamento-b5c981-m4 setor=empacotamento temperatura_c=98.24 > limite 85.00 (partição=4 offset=1212)
processador-1  | 2026-09-25T22:53:59.088940287Z 2026-09-25 22:53:59,088 INFO [processador] ESTATISTICA processador=3b4721499e1b partições=[0, 1, 4] processadas=155 (15.5 msg/s) alertas=8 duplicadas=0 por_particao={0: 61, 1: 31, 4: 63}
processador-1  | 2026-09-25T22:53:59.943291732Z 2026-09-25 22:53:59,943 WARNING [processador] ALERTA maquina=empacotamento-b5c981-m4 setor=empacotamento vibracao_mm_s=8.78 > limite 7.10 (partição=4 offset=1216)
processador-1  | 2026-09-25T22:54:02.939145788Z 2026-09-25 22:54:02,938 WARNING [processador] ALERTA maquina=empacotamento-b5c981-m4 setor=empacotamento vibracao_mm_s=7.92 > limite 7.10 (partição=4 offset=1228)
processador-1  | 2026-09-25T22:54:04.992023538Z 2026-09-25 22:54:04,991 WARNING [processador] ALERTA maquina=producao-fd72ee-m5 setor=producao vibracao_mm_s=11.15 > limite 7.10 (partição=4 offset=1238)
processador-1  | 2026-09-25T22:54:09.091625030Z 2026-09-25 22:54:09,091 INFO [processador] ESTATISTICA processador=3b4721499e1b partições=[0, 1, 4] processadas=119 (11.9 msg/s) alertas=3 duplicadas=0 por_particao={0: 44, 1: 33, 4: 42}
processador-1  | 2026-09-25T22:54:10.940387725Z 2026-09-25 22:54:10,940 WARNING [processador] ALERTA maquina=empacotamento-b5c981-m5 setor=empacotamento vibracao_mm_s=11.23 > limite 7.10 (partição=4 offset=1276)
processador-1  | 2026-09-25T22:54:14.086876253Z 2026-09-25 22:54:14,086 WARNING [processador] ALERTA maquina=refrigeracao-4594d7-m6 setor=refrigeracao vibracao_mm_s=9.57 > limite 7.10 (partição=1 offset=1007)
processador-1  | 2026-09-25T22:54:14.104541743Z 2026-09-25 22:54:14,104 WARNING [processador] ALERTA maquina=refrigeracao-079d4f-m4 setor=refrigeracao energia_kw=66.60 > limite 45.00 (partição=4 offset=1310)
processador-1  | 2026-09-25T22:54:14.887932076Z 2026-09-25 22:54:14,887 WARNING [processador] ALERTA maquina=refrigeracao-d7e5f7-m5 setor=refrigeracao temperatura_c=108.91 > limite 85.00 (partição=0 offset=1338)
processador-1  | 2026-09-25T22:54:16.839752746Z 2026-09-25 22:54:16,839 WARNING [processador] ALERTA maquina=empacotamento-77931d-m6 setor=empacotamento vibracao_mm_s=11.19 > limite 7.10 (partição=1 offset=1035)
processador-1  | 2026-09-25T22:54:17.104270967Z 2026-09-25 22:54:17,103 WARNING [processador] ALERTA maquina=refrigeracao-079d4f-m4 setor=refrigeracao temperatura_c=106.65 > limite 85.00 (partição=4 offset=1340)
processador-1  | 2026-09-25T22:54:17.941128625Z 2026-09-25 22:54:17,940 WARNING [processador] ALERTA maquina=empacotamento-b5c981-m5 setor=empacotamento temperatura_c=100.82 > limite 85.00 (partição=4 offset=1344)
processador-1  | 2026-09-25T22:54:18.090687587Z 2026-09-25 22:54:18,090 WARNING [processador] ALERTA maquina=refrigeracao-4594d7-m6 setor=refrigeracao vibracao_mm_s=12.02 > limite 7.10 (partição=1 offset=1055)
processador-1  | 2026-09-25T22:54:19.104447861Z 2026-09-25 22:54:19,104 INFO [processador] ESTATISTICA processador=3b4721499e1b partições=[0, 1, 4] processadas=370 (37.0 msg/s) alertas=8 duplicadas=0 por_particao={0: 144, 1: 123, 4: 103}
processador-1  | 2026-09-25T22:54:22.956982182Z 2026-09-25 22:54:22,956 WARNING [processador] ALERTA maquina=producao-dbccff-m7 setor=producao energia_kw=52.35 > limite 45.00 (partição=1 offset=1112)
processador-1  | 2026-09-25T22:54:25.104194432Z 2026-09-25 22:54:25,103 WARNING [processador] ALERTA maquina=refrigeracao-079d4f-m4 setor=refrigeracao temperatura_c=99.89 > limite 85.00 (partição=4 offset=1420)
processador-1  | 2026-09-25T22:54:25.945203451Z 2026-09-25 22:54:25,944 WARNING [processador] ALERTA maquina=producao-dbccff-m3 setor=producao temperatura_c=110.24 > limite 85.00 (partição=4 offset=1425)
processador-1  | 2026-09-25T22:54:28.059468108Z 2026-09-25 22:54:28,059 WARNING [processador] ALERTA maquina=empacotamento-f084f5-m3 setor=empacotamento temperatura_c=99.09 > limite 85.00 (partição=0 offset=1524)
processador-1  | 2026-09-25T22:54:28.829693196Z 2026-09-25 22:54:28,829 WARNING [processador] ALERTA maquina=empacotamento-77931d-m4 setor=empacotamento temperatura_c=94.44 > limite 85.00 (partição=0 offset=1533)
processador-1  | 2026-09-25T22:54:28.938256482Z 2026-09-25 22:54:28,937 WARNING [processador] ALERTA maquina=empacotamento-b5c981-m4 setor=empacotamento temperatura_c=89.69 > limite 85.00 (partição=4 offset=1453)
processador-1  | 2026-09-25T22:54:29.105156494Z 2026-09-25 22:54:29,104 INFO [processador] ESTATISTICA processador=3b4721499e1b partições=[0, 1, 4] processadas=362 (36.2 msg/s) alertas=6 duplicadas=0 por_particao={0: 141, 1: 120, 4: 101}
processador-1  | 2026-09-25T22:54:30.831738258Z 2026-09-25 22:54:30,831 WARNING [processador] ALERTA maquina=empacotamento-77931d-m1 setor=empacotamento energia_kw=49.87 > limite 45.00 (partição=0 offset=1560)
processador-1  | 2026-09-25T22:54:30.886356755Z 2026-09-25 22:54:30,886 WARNING [processador] ALERTA maquina=refrigeracao-d7e5f7-m1 setor=refrigeracao energia_kw=56.82 > limite 45.00 (partição=4 offset=1472)
processador-1  | 2026-09-25T22:54:34.086363115Z 2026-09-25 22:54:34,086 WARNING [processador] ALERTA maquina=refrigeracao-4594d7-m4 setor=refrigeracao energia_kw=63.36 > limite 45.00 (partição=1 offset=1240)
processador-1  | 2026-09-25T22:54:35.989949620Z 2026-09-25 22:54:35,989 WARNING [processador] ALERTA maquina=producao-fd72ee-m5 setor=producao energia_kw=64.27 > limite 45.00 (partição=4 offset=1512)
processador-1  | 2026-09-25T22:54:36.092363370Z 2026-09-25 22:54:36,092 WARNING [processador] ALERTA maquina=refrigeracao-4594d7-m1 setor=refrigeracao temperatura_c=104.45 > limite 85.00 (partição=4 offset=1513)
processador-1  | 2026-09-25T22:54:39.939623339Z 2026-09-25 22:54:39,939 INFO [processador] ESTATISTICA processador=3b4721499e1b partições=[0, 1, 4] processadas=217 (20.0 msg/s) alertas=5 duplicadas=0 por_particao={0: 83, 1: 69, 4: 65}
processador-1  | 2026-09-25T22:54:44.990136164Z 2026-09-25 22:54:44,989 WARNING [processador] ALERTA maquina=producao-fd72ee-m2 setor=producao temperatura_c=100.40 > limite 85.00 (partição=0 offset=1647)
processador-1  | 2026-09-25T22:54:46.939738131Z 2026-09-25 22:54:46,939 WARNING [processador] ALERTA maquina=empacotamento-b5c981-m5 setor=empacotamento energia_kw=45.92 > limite 45.00 (partição=4 offset=1555)
processador-1  | 2026-09-25T22:54:49.942112689Z 2026-09-25 22:54:49,941 INFO [processador] ESTATISTICA processador=3b4721499e1b partições=[0, 1, 4] processadas=112 (11.2 msg/s) alertas=2 duplicadas=0 por_particao={0: 41, 1: 30, 4: 41}
processador-1  | 2026-09-25T22:54:59.992787708Z 2026-09-25 22:54:59,992 INFO [processador] ESTATISTICA processador=3b4721499e1b partições=[0, 1, 4] processadas=112 (11.1 msg/s) alertas=0 duplicadas=0 por_particao={0: 41, 1: 31, 4: 40}
processador-1  | 2026-09-25T22:55:00.940036696Z 2026-09-25 22:55:00,939 INFO [processador] REBALANCO processador=3b4721499e1b partições revogadas: [0] -> responsável por [1, 4]
processador-1  | 2026-09-25T22:55:00.947841464Z 2026-09-25 22:55:00,947 INFO [processador] REBALANCO processador=3b4721499e1b partições atribuidas: [] -> responsável por [1, 4]
processador-1  | 2026-09-25T22:55:01.921424314Z 2026-09-25 22:55:01,921 WARNING [processador] ALERTA maquina=refrigeracao-4594d7-m6 setor=refrigeracao temperatura_c=98.54 > limite 85.00 (partição=1 offset=1322)
processador-1  | 2026-09-25T22:55:03.089131501Z 2026-09-25 22:55:03,088 WARNING [processador] ALERTA maquina=refrigeracao-4594d7-m1 setor=refrigeracao energia_kw=64.89 > limite 45.00 (partição=4 offset=1621)
processador-1  | 2026-09-25T22:55:03.942279265Z 2026-09-25 22:55:03,942 INFO [processador] REBALANCO processador=3b4721499e1b partições atribuidas: [] -> responsável por [1, 4]
processador-1  | 2026-09-25T22:55:05.092794347Z 2026-09-25 22:55:05,092 WARNING [processador] ALERTA maquina=refrigeracao-4594d7-m1 setor=refrigeracao temperatura_c=103.07 > limite 85.00 (partição=4 offset=1629)
processador-1  | 2026-09-25T22:55:10.088073851Z 2026-09-25 22:55:10,087 INFO [processador] ESTATISTICA processador=3b4721499e1b partições=[1, 4] processadas=74 (7.3 msg/s) alertas=3 duplicadas=0 por_particao={0: 2, 1: 31, 4: 41}
processador-1  | 2026-09-25T22:55:11.991028173Z 2026-09-25 22:55:11,990 WARNING [processador] ALERTA maquina=producao-fd72ee-m5 setor=producao temperatura_c=96.08 > limite 85.00 (partição=4 offset=1656)
processador-1  | 2026-09-25T22:55:17.990683518Z 2026-09-25 22:55:17,990 WARNING [processador] ALERTA maquina=producao-fd72ee-m5 setor=producao temperatura_c=104.36 > limite 85.00 (partição=4 offset=1680)
processador-1  | 2026-09-25T22:55:20.089938353Z 2026-09-25 22:55:20,089 INFO [processador] ESTATISTICA processador=3b4721499e1b partições=[1, 4] processadas=70 (7.0 msg/s) alertas=2 duplicadas=0 por_particao={1: 29, 4: 41}
processador-1  | 2026-09-25T22:55:26.940904414Z 2026-09-25 22:55:26,940 WARNING [processador] ALERTA maquina=empacotamento-b5c981-m4 setor=empacotamento temperatura_c=87.47 > limite 85.00 (partição=4 offset=1714)
processador-1  | 2026-09-25T22:55:28.991894921Z 2026-09-25 22:55:28,991 WARNING [processador] ALERTA maquina=producao-fd72ee-m5 setor=producao energia_kw=53.29 > limite 45.00 (partição=4 offset=1724)
processador-1  | 2026-09-25T22:55:30.090291625Z 2026-09-25 22:55:30,089 INFO [processador] ESTATISTICA processador=3b4721499e1b partições=[1, 4] processadas=70 (7.0 msg/s) alertas=2 duplicadas=0 por_particao={1: 30, 4: 40}
processador-1  | 2026-09-25T22:55:31.991499421Z 2026-09-25 22:55:31,990 WARNING [processador] ALERTA maquina=producao-fd72ee-m5 setor=producao temperatura_c=102.31 > limite 85.00 (partição=4 offset=1736)
processador-1  | 2026-09-25T22:55:38.992367036Z 2026-09-25 22:55:38,992 WARNING [processador] ALERTA maquina=producao-fd72ee-m5 setor=producao vibracao_mm_s=11.38 > limite 7.10 (partição=4 offset=1764)
processador-1  | 2026-09-25T22:55:40.092114007Z 2026-09-25 22:55:40,091 INFO [processador] ESTATISTICA processador=3b4721499e1b partições=[1, 4] processadas=70 (7.0 msg/s) alertas=2 duplicadas=0 por_particao={1: 31, 4: 39}
processador-1  | 2026-09-25T22:55:40.940715586Z 2026-09-25 22:55:40,940 WARNING [processador] ALERTA maquina=empacotamento-b5c981-m2 setor=empacotamento temperatura_c=90.47 > limite 85.00 (partição=1 offset=1440)
processador-1  | 2026-09-25T22:55:42.089866055Z 2026-09-25 22:55:42,089 WARNING [processador] ALERTA maquina=refrigeracao-4594d7-m6 setor=refrigeracao temperatura_c=101.07 > limite 85.00 (partição=1 offset=1445)
processador-1  | 2026-09-25T22:55:42.942245796Z 2026-09-25 22:55:42,941 WARNING [processador] ALERTA maquina=empacotamento-b5c981-m5 setor=empacotamento vibracao_mm_s=10.36 > limite 7.10 (partição=4 offset=1779)
processador-1  | 2026-09-25T22:55:43.090136757Z 2026-09-25 22:55:43,089 WARNING [processador] ALERTA maquina=refrigeracao-4594d7-m4 setor=refrigeracao temperatura_c=112.63 > limite 85.00 (partição=1 offset=1447)
processador-1  | 2026-09-25T22:55:50.943295194Z 2026-09-25 22:55:50,942 INFO [processador] ESTATISTICA processador=3b4721499e1b partições=[1, 4] processadas=73 (6.7 msg/s) alertas=4 duplicadas=0 por_particao={1: 32, 4: 41}
processador-1  | 2026-09-25T22:55:56.091292670Z 2026-09-25 22:55:56,091 WARNING [processador] ALERTA maquina=refrigeracao-4594d7-m1 setor=refrigeracao vibracao_mm_s=10.29 > limite 7.10 (partição=4 offset=1833)
processador-1  | 2026-09-25T22:56:00.943212678Z 2026-09-25 22:56:00,942 INFO [processador] ESTATISTICA processador=3b4721499e1b partições=[1, 4] processadas=70 (7.0 msg/s) alertas=1 duplicadas=0 por_particao={1: 30, 4: 40}
processador-1  | 2026-09-25T22:56:10.943980166Z 2026-09-25 22:56:10,943 INFO [processador] ESTATISTICA processador=3b4721499e1b partições=[1, 4] processadas=70 (7.0 msg/s) alertas=0 duplicadas=0 por_particao={1: 29, 4: 41}
processador-1  | 2026-09-25T22:56:16.093982929Z 2026-09-25 22:56:16,093 WARNING [processador] ALERTA maquina=refrigeracao-4594d7-m4 setor=refrigeracao temperatura_c=105.98 > limite 85.00 (partição=1 offset=1546)
processador-1  | 2026-09-25T22:56:18.944828718Z 2026-09-25 22:56:18,944 WARNING [processador] ALERTA maquina=empacotamento-b5c981-m4 setor=empacotamento vibracao_mm_s=7.92 > limite 7.10 (partição=4 offset=1922)
processador-1  | 2026-09-25T22:56:20.949952862Z 2026-09-25 22:56:20,949 INFO [processador] ESTATISTICA processador=3b4721499e1b partições=[1, 4] processadas=71 (7.1 msg/s) alertas=2 duplicadas=0 por_particao={1: 31, 4: 40}
processador-1  | 2026-09-25T22:56:24.946753353Z 2026-09-25 22:56:24,945 WARNING [processador] ALERTA maquina=empacotamento-b5c981-m2 setor=empacotamento temperatura_c=90.41 > limite 85.00 (partição=1 offset=1572)
processador-2  | 2026-09-25T22:56:28.093701885Z 2026-09-25 22:56:28,093 WARNING [processador] ALERTA maquina=refrigeracao-4594d7-m3 setor=refrigeracao vibracao_mm_s=9.87 > limite 7.10 (partição=3 offset=2010)
processador-2  | 2026-09-25T22:56:28.944241786Z 2026-09-25 22:56:28,943 WARNING [processador] ALERTA maquina=empacotamento-b5c981-m3 setor=empacotamento energia_kw=49.07 > limite 45.00 (partição=3 offset=2012)
processador-2  | 2026-09-25T22:56:28.994189064Z 2026-09-25 22:56:28,993 WARNING [processador] ALERTA maquina=producao-fd72ee-m6 setor=producao energia_kw=51.23 > limite 45.00 (partição=5 offset=1510)
processador-2  | 2026-09-25T22:56:35.095576091Z 2026-09-25 22:56:35,095 INFO [processador] ESTATISTICA processador=03ebfdfe1e89 partições=[3, 5] processadas=73 (7.2 msg/s) alertas=3 duplicadas=0 por_particao={3: 41, 5: 32}
processador-2  | 2026-09-25T22:56:37.995451184Z 2026-09-25 22:56:37,994 WARNING [processador] ALERTA maquina=producao-fd72ee-m6 setor=producao temperatura_c=107.82 > limite 85.00 (partição=5 offset=1537)
processador-2  | 2026-09-25T22:56:45.096174838Z 2026-09-25 22:56:45,095 INFO [processador] ESTATISTICA processador=03ebfdfe1e89 partições=[3, 5] processadas=70 (7.0 msg/s) alertas=1 duplicadas=0 por_particao={3: 40, 5: 30}
processador-2  | 2026-09-25T22:56:50.943954832Z 2026-09-25 22:56:50,943 WARNING [processador] ALERTA maquina=empacotamento-b5c981-m6 setor=empacotamento vibracao_mm_s=10.74 > limite 7.10 (partição=3 offset=2101)
processador-2  | 2026-09-25T22:56:50.995042668Z 2026-09-25 22:56:50,994 WARNING [processador] ALERTA maquina=producao-fd72ee-m1 setor=producao energia_kw=53.76 > limite 45.00 (partição=5 offset=1575)
processador-2  | 2026-09-25T22:56:55.102679563Z 2026-09-25 22:56:55,102 INFO [processador] ESTATISTICA processador=03ebfdfe1e89 partições=[3, 5] processadas=70 (7.0 msg/s) alertas=2 duplicadas=0 por_particao={3: 40, 5: 30}
processador-2  | 2026-09-25T22:56:58.946372472Z 2026-09-25 22:56:58,946 WARNING [processador] ALERTA maquina=empacotamento-b5c981-m6 setor=empacotamento vibracao_mm_s=8.84 > limite 7.10 (partição=3 offset=2133)
processador-1  | 2026-09-25T22:56:30.995084811Z 2026-09-25 22:56:30,994 INFO [processador] ESTATISTICA processador=3b4721499e1b partições=[1, 4] processadas=72 (7.2 msg/s) alertas=1 duplicadas=0 por_particao={1: 30, 4: 42}
processador-1  | 2026-09-25T22:56:32.096653082Z 2026-09-25 22:56:32,096 WARNING [processador] ALERTA maquina=refrigeracao-4594d7-m6 setor=refrigeracao temperatura_c=99.13 > limite 85.00 (partição=1 offset=1595)
processador-1  | 2026-09-25T22:56:38.949136524Z 2026-09-25 22:56:38,948 WARNING [processador] ALERTA maquina=empacotamento-b5c981-m2 setor=empacotamento vibracao_mm_s=11.16 > limite 7.10 (partição=1 offset=1614)
processador-1  | 2026-09-25T22:56:40.997052494Z 2026-09-25 22:56:40,996 INFO [processador] ESTATISTICA processador=3b4721499e1b partições=[1, 4] processadas=70 (7.0 msg/s) alertas=2 duplicadas=0 por_particao={1: 30, 4: 40}
processador-1  | 2026-09-25T22:56:41.096434535Z 2026-09-25 22:56:41,095 WARNING [processador] ALERTA maquina=refrigeracao-4594d7-m6 setor=refrigeracao temperatura_c=97.38 > limite 85.00 (partição=1 offset=1622)
processador-1  | 2026-09-25T22:56:51.096908798Z 2026-09-25 22:56:51,096 INFO [processador] ESTATISTICA processador=3b4721499e1b partições=[1, 4] processadas=71 (7.0 msg/s) alertas=1 duplicadas=0 por_particao={1: 31, 4: 40}
processador-1  | 2026-09-25T22:56:51.943619181Z 2026-09-25 22:56:51,943 WARNING [processador] ALERTA maquina=empacotamento-b5c981-m2 setor=empacotamento temperatura_c=93.87 > limite 85.00 (partição=1 offset=1653)
processador-1  | 2026-09-25T22:56:52.996665303Z 2026-09-25 22:56:52,996 WARNING [processador] ALERTA maquina=producao-fd72ee-m5 setor=producao temperatura_c=105.11 > limite 85.00 (partição=4 offset=2060)
processador-1  | 2026-09-25T22:56:53.947311684Z 2026-09-25 22:56:53,946 WARNING [processador] ALERTA maquina=empacotamento-b5c981-m5 setor=empacotamento energia_kw=49.15 > limite 45.00 (partição=4 offset=2063)
processador-1  | 2026-09-25T22:57:00.098446071Z 2026-09-25 22:57:00,098 WARNING [processador] ALERTA maquina=refrigeracao-4594d7-m1 setor=refrigeracao energia_kw=66.38 > limite 45.00 (partição=4 offset=2089)
processador-1  | 2026-09-25T22:57:00.944071724Z 2026-09-25 22:57:00,943 WARNING [processador] ALERTA maquina=empacotamento-b5c981-m4 setor=empacotamento vibracao_mm_s=10.74 > limite 7.10 (partição=4 offset=2090)
processador-1  | 2026-09-25T22:57:01.097257565Z 2026-09-25 22:57:01,096 INFO [processador] ESTATISTICA processador=3b4721499e1b partições=[1, 4] processadas=70 (7.0 msg/s) alertas=5 duplicadas=0 por_particao={1: 30, 4: 40}
processador-1  | 2026-09-25T22:57:02.095663017Z 2026-09-25 22:57:02,095 WARNING [processador] ALERTA maquina=refrigeracao-4594d7-m4 setor=refrigeracao vibracao_mm_s=10.29 > limite 7.10 (partição=1 offset=1684)
processador-1  | 2026-09-25T22:57:02.998595166Z 2026-09-25 22:57:02,997 WARNING [processador] ALERTA maquina=producao-fd72ee-m5 setor=producao energia_kw=59.18 > limite 45.00 (partição=4 offset=2100)
